Java HotSpot(TM) 64-Bit Server VM (25.261-b12) for linux-amd64 JRE (1.8.0_261-b12), built on Jun 17 2020 23:41:40 by "java_re" with gcc 7.3.0
Memory: 4k page, physical 6055148k(4500964k free), swap 8388604k(8388604k free)
CommandLine flags: -XX:InitialHeapSize=536870912 -XX:MaxHeapSize=536870912 -XX:+PrintGC -XX:+PrintGCDateStamps -XX:+PrintGCTimeStamps -XX:+UseCompressedClassPointers -XX:+UseCompressedOops -XX:+UseG1GC 
2020-10-23T15:34:09.864+0800: 0.084: [GC pause (G1 Evacuation Pause) (young) 29M->9907K(512M), 0.0045495 secs]
2020-10-23T15:34:09.875+0800: 0.095: [GC pause (G1 Evacuation Pause) (young) 37M->19M(512M), 0.0045168 secs]
2020-10-23T15:34:09.899+0800: 0.120: [GC pause (G1 Evacuation Pause) (young) 68M->35M(512M), 0.0050875 secs]
2020-10-23T15:34:09.970+0800: 0.191: [GC pause (G1 Evacuation Pause) (young) 198M->92M(512M), 0.0083951 secs]
2020-10-23T15:34:09.987+0800: 0.207: [GC pause (G1 Evacuation Pause) (young) 154M->115M(512M), 0.0071581 secs]
2020-10-23T15:34:10.021+0800: 0.241: [GC pause (G1 Evacuation Pause) (young) 241M->159M(512M), 0.0087600 secs]
2020-10-23T15:34:10.068+0800: 0.289: [GC pause (G1 Evacuation Pause) (young) 333M->217M(512M), 0.0131125 secs]
2020-10-23T15:34:10.086+0800: 0.306: [GC pause (G1 Humongous Allocation) (young) (initial-mark) 244M->225M(512M), 0.0063864 secs]
2020-10-23T15:34:10.092+0800: 0.313: [GC concurrent-root-region-scan-start]
2020-10-23T15:34:10.093+0800: 0.313: [GC concurrent-root-region-scan-end, 0.0002946 secs]
2020-10-23T15:34:10.093+0800: 0.313: [GC concurrent-mark-start]
2020-10-23T15:34:10.114+0800: 0.335: [GC concurrent-mark-end, 0.0213306 secs]
2020-10-23T15:34:10.114+0800: 0.335: [GC remark, 0.0067484 secs]
2020-10-23T15:34:10.121+0800: 0.342: [GC cleanup 319M->319M(512M), 0.0037247 secs]
2020-10-23T15:34:10.153+0800: 0.373: [GC pause (G1 Evacuation Pause) (young)-- 421M->316M(512M), 0.0118616 secs]
2020-10-23T15:34:10.166+0800: 0.387: [GC pause (G1 Evacuation Pause) (mixed) 324M->297M(512M), 0.0081055 secs]
2020-10-23T15:34:10.175+0800: 0.396: [GC pause (G1 Humongous Allocation) (young) (initial-mark) 300M->298M(512M), 0.0042303 secs]
2020-10-23T15:34:10.180+0800: 0.400: [GC concurrent-root-region-scan-start]
2020-10-23T15:34:10.180+0800: 0.400: [GC concurrent-root-region-scan-end, 0.0003414 secs]
2020-10-23T15:34:10.180+0800: 0.400: [GC concurrent-mark-start]
2020-10-23T15:34:10.181+0800: 0.402: [GC concurrent-mark-end, 0.0014650 secs]
2020-10-23T15:34:10.182+0800: 0.402: [GC remark, 0.0038991 secs]
2020-10-23T15:34:10.186+0800: 0.406: [GC cleanup 314M->313M(512M), 0.0029662 secs]
2020-10-23T15:34:10.189+0800: 0.410: [GC concurrent-cleanup-start]
2020-10-23T15:34:10.189+0800: 0.410: [GC concurrent-cleanup-end, 0.0000116 secs]
2020-10-23T15:34:10.207+0800: 0.428: [GC pause (G1 Evacuation Pause) (young) 416M->334M(512M), 0.0072095 secs]
2020-10-23T15:34:10.217+0800: 0.438: [GC pause (G1 Evacuation Pause) (mixed) 351M->297M(512M), 0.0065475 secs]
2020-10-23T15:34:10.228+0800: 0.448: [GC pause (G1 Evacuation Pause) (mixed) 323M->289M(512M), 0.0072422 secs]
2020-10-23T15:34:10.236+0800: 0.456: [GC pause (G1 Humongous Allocation) (young) (initial-mark) 292M->290M(512M), 0.0043187 secs]
2020-10-23T15:34:10.240+0800: 0.461: [GC concurrent-root-region-scan-start]
2020-10-23T15:34:10.241+0800: 0.461: [GC concurrent-root-region-scan-end, 0.0002830 secs]
2020-10-23T15:34:10.241+0800: 0.461: [GC concurrent-mark-start]
2020-10-23T15:34:10.243+0800: 0.463: [GC concurrent-mark-end, 0.0019081 secs]
2020-10-23T15:34:10.243+0800: 0.463: [GC remark, 0.0032174 secs]
2020-10-23T15:34:10.247+0800: 0.467: [GC cleanup 312M->312M(512M), 0.0034682 secs]
2020-10-23T15:34:10.264+0800: 0.485: [GC pause (G1 Evacuation Pause) (young) 413M->326M(512M), 0.0071618 secs]
2020-10-23T15:34:10.274+0800: 0.495: [GC pause (G1 Evacuation Pause) (mixed) 346M->308M(512M), 0.0073382 secs]
2020-10-23T15:34:10.282+0800: 0.502: [GC pause (G1 Humongous Allocation) (young) (initial-mark) 309M->308M(512M), 0.0044061 secs]
2020-10-23T15:34:10.287+0800: 0.507: [GC concurrent-root-region-scan-start]
2020-10-23T15:34:10.287+0800: 0.507: [GC concurrent-root-region-scan-end, 0.0002999 secs]
2020-10-23T15:34:10.287+0800: 0.507: [GC concurrent-mark-start]
2020-10-23T15:34:10.289+0800: 0.509: [GC concurrent-mark-end, 0.0020397 secs]
2020-10-23T15:34:10.289+0800: 0.510: [GC remark, 0.0031341 secs]
2020-10-23T15:34:10.293+0800: 0.513: [GC cleanup 329M->329M(512M), 0.0036819 secs]
2020-10-23T15:34:10.306+0800: 0.526: [GC pause (G1 Evacuation Pause) (young) 401M->337M(512M), 0.0068956 secs]
2020-10-23T15:34:10.316+0800: 0.536: [GC pause (G1 Evacuation Pause) (mixed) 357M->320M(512M), 0.0085486 secs]
2020-10-23T15:34:10.325+0800: 0.545: [GC pause (G1 Humongous Allocation) (young) (initial-mark) 324M->322M(512M), 0.0042630 secs]
2020-10-23T15:34:10.329+0800: 0.550: [GC concurrent-root-region-scan-start]
2020-10-23T15:34:10.330+0800: 0.550: [GC concurrent-root-region-scan-end, 0.0003078 secs]
2020-10-23T15:34:10.330+0800: 0.550: [GC concurrent-mark-start]
2020-10-23T15:34:10.332+0800: 0.552: [GC concurrent-mark-end, 0.0019634 secs]
2020-10-23T15:34:10.332+0800: 0.552: [GC remark, 0.0029737 secs]
2020-10-23T15:34:10.335+0800: 0.556: [GC cleanup 338M->338M(512M), 0.0034138 secs]
2020-10-23T15:34:10.347+0800: 0.568: [GC pause (G1 Evacuation Pause) (young) 405M->345M(512M), 0.0059304 secs]
2020-10-23T15:34:10.356+0800: 0.577: [GC pause (G1 Evacuation Pause) (mixed) 366M->333M(512M), 0.0077176 secs]
2020-10-23T15:34:10.365+0800: 0.586: [GC pause (G1 Humongous Allocation) (young) (initial-mark) 335M->333M(512M), 0.0044724 secs]
2020-10-23T15:34:10.370+0800: 0.590: [GC concurrent-root-region-scan-start]
2020-10-23T15:34:10.370+0800: 0.590: [GC concurrent-root-region-scan-end, 0.0003135 secs]
2020-10-23T15:34:10.370+0800: 0.590: [GC concurrent-mark-start]
2020-10-23T15:34:10.372+0800: 0.593: [GC concurrent-mark-end, 0.0022505 secs]
2020-10-23T15:34:10.373+0800: 0.594: [GC remark, 0.0030581 secs]
2020-10-23T15:34:10.377+0800: 0.598: [GC cleanup 357M->357M(512M), 0.0035334 secs]
2020-10-23T15:34:10.387+0800: 0.608: [GC pause (G1 Evacuation Pause) (young) 406M->351M(512M), 0.0065678 secs]
2020-10-23T15:34:10.397+0800: 0.618: [GC pause (G1 Evacuation Pause) (mixed) 374M->335M(512M), 0.0078190 secs]
2020-10-23T15:34:10.406+0800: 0.626: [GC pause (G1 Humongous Allocation) (young) (initial-mark) 340M->336M(512M), 0.0041651 secs]
2020-10-23T15:34:10.410+0800: 0.631: [GC concurrent-root-region-scan-start]
2020-10-23T15:34:10.410+0800: 0.631: [GC concurrent-root-region-scan-end, 0.0002160 secs]
2020-10-23T15:34:10.410+0800: 0.631: [GC concurrent-mark-start]
2020-10-23T15:34:10.413+0800: 0.633: [GC concurrent-mark-end, 0.0020719 secs]
2020-10-23T15:34:10.413+0800: 0.633: [GC remark, 0.0034382 secs]
2020-10-23T15:34:10.417+0800: 0.637: [GC cleanup 355M->355M(512M), 0.0036105 secs]
2020-10-23T15:34:10.429+0800: 0.649: [GC pause (G1 Evacuation Pause) (young) 411M->350M(512M), 0.0063557 secs]
2020-10-23T15:34:10.438+0800: 0.659: [GC pause (G1 Evacuation Pause) (mixed) 369M->340M(512M), 0.0081954 secs]
2020-10-23T15:34:10.447+0800: 0.668: [GC pause (G1 Humongous Allocation) (young) (initial-mark) 344M->341M(512M), 0.0048727 secs]
2020-10-23T15:34:10.452+0800: 0.673: [GC concurrent-root-region-scan-start]
2020-10-23T15:34:10.453+0800: 0.673: [GC concurrent-root-region-scan-end, 0.0003532 secs]
2020-10-23T15:34:10.453+0800: 0.673: [GC concurrent-mark-start]
2020-10-23T15:34:10.455+0800: 0.675: [GC concurrent-mark-end, 0.0021765 secs]
2020-10-23T15:34:10.455+0800: 0.676: [GC remark, 0.0032275 secs]
2020-10-23T15:34:10.459+0800: 0.679: [GC cleanup 362M->362M(512M), 0.0037263 secs]
2020-10-23T15:34:10.470+0800: 0.691: [GC pause (G1 Evacuation Pause) (young) 407M->359M(512M), 0.0065099 secs]
2020-10-23T15:34:10.479+0800: 0.700: [GC pause (G1 Evacuation Pause) (mixed) 379M->347M(512M), 0.0087575 secs]
2020-10-23T15:34:10.488+0800: 0.709: [GC pause (G1 Humongous Allocation) (young) (initial-mark) 347M->346M(512M), 0.0038676 secs]
2020-10-23T15:34:10.492+0800: 0.713: [GC concurrent-root-region-scan-start]
2020-10-23T15:34:10.493+0800: 0.713: [GC concurrent-root-region-scan-end, 0.0002207 secs]
2020-10-23T15:34:10.493+0800: 0.713: [GC concurrent-mark-start]
2020-10-23T15:34:10.495+0800: 0.715: [GC concurrent-mark-end, 0.0021271 secs]
2020-10-23T15:34:10.495+0800: 0.715: [GC remark, 0.0031017 secs]
2020-10-23T15:34:10.498+0800: 0.719: [GC cleanup 365M->365M(512M), 0.0037566 secs]
2020-10-23T15:34:10.508+0800: 0.729: [GC pause (G1 Evacuation Pause) (young) 408M->366M(512M), 0.0060199 secs]
2020-10-23T15:34:10.518+0800: 0.738: [GC pause (G1 Evacuation Pause) (mixed) 391M->354M(512M), 0.0078021 secs]
2020-10-23T15:34:10.526+0800: 0.747: [GC pause (G1 Humongous Allocation) (young) (initial-mark) 354M->354M(512M), 0.0043244 secs]
2020-10-23T15:34:10.531+0800: 0.751: [GC concurrent-root-region-scan-start]
2020-10-23T15:34:10.531+0800: 0.751: [GC concurrent-root-region-scan-end, 0.0002873 secs]
2020-10-23T15:34:10.531+0800: 0.751: [GC concurrent-mark-start]
2020-10-23T15:34:10.533+0800: 0.754: [GC concurrent-mark-end, 0.0022436 secs]
2020-10-23T15:34:10.534+0800: 0.754: [GC remark, 0.0034253 secs]
2020-10-23T15:34:10.537+0800: 0.758: [GC cleanup 375M->375M(512M), 0.0033661 secs]
2020-10-23T15:34:10.546+0800: 0.767: [GC pause (G1 Evacuation Pause) (young) 406M->369M(512M), 0.0057906 secs]
2020-10-23T15:34:10.556+0800: 0.776: [GC pause (G1 Evacuation Pause) (mixed) 390M->351M(512M), 0.0082921 secs]
2020-10-23T15:34:10.568+0800: 0.789: [GC pause (G1 Evacuation Pause) (mixed) 376M->357M(512M), 0.0053619 secs]
2020-10-23T15:34:10.574+0800: 0.795: [GC pause (G1 Humongous Allocation) (young) (initial-mark) 358M->357M(512M), 0.0041714 secs]
2020-10-23T15:34:10.579+0800: 0.799: [GC concurrent-root-region-scan-start]
2020-10-23T15:34:10.579+0800: 0.799: [GC concurrent-root-region-scan-end, 0.0002914 secs]
2020-10-23T15:34:10.579+0800: 0.799: [GC concurrent-mark-start]
2020-10-23T15:34:10.581+0800: 0.802: [GC concurrent-mark-end, 0.0022928 secs]
2020-10-23T15:34:10.582+0800: 0.802: [GC remark, 0.0030279 secs]
2020-10-23T15:34:10.585+0800: 0.805: [GC cleanup 381M->381M(512M), 0.0031410 secs]
2020-10-23T15:34:10.592+0800: 0.812: [GC pause (G1 Evacuation Pause) (young) 405M->369M(512M), 0.0060165 secs]
2020-10-23T15:34:10.601+0800: 0.821: [GC pause (G1 Evacuation Pause) (mixed) 392M->358M(512M), 0.0086660 secs]
2020-10-23T15:34:10.613+0800: 0.834: [GC pause (G1 Evacuation Pause) (mixed) 382M->363M(512M), 0.0056211 secs]
2020-10-23T15:34:10.620+0800: 0.840: [GC pause (G1 Humongous Allocation) (young) (initial-mark) 365M->364M(512M), 0.0040708 secs]
2020-10-23T15:34:10.624+0800: 0.844: [GC concurrent-root-region-scan-start]
2020-10-23T15:34:10.624+0800: 0.844: [GC concurrent-root-region-scan-end, 0.0003068 secs]
2020-10-23T15:34:10.624+0800: 0.844: [GC concurrent-mark-start]
2020-10-23T15:34:10.626+0800: 0.847: [GC concurrent-mark-end, 0.0023219 secs]
2020-10-23T15:34:10.627+0800: 0.847: [GC remark, 0.0034350 secs]
2020-10-23T15:34:10.631+0800: 0.851: [GC cleanup 389M->389M(512M), 0.0033819 secs]
2020-10-23T15:34:10.636+0800: 0.856: [GC pause (G1 Evacuation Pause) (young) 402M->376M(512M), 0.0051925 secs]
2020-10-23T15:34:10.645+0800: 0.866: [GC pause (G1 Evacuation Pause) (mixed) 402M->360M(512M), 0.0085049 secs]
2020-10-23T15:34:10.658+0800: 0.878: [GC pause (G1 Evacuation Pause) (mixed) 388M->364M(512M), 0.0066884 secs]
2020-10-23T15:34:10.665+0800: 0.886: [GC pause (G1 Humongous Allocation) (young) (initial-mark) 367M->364M(512M), 0.0041132 secs]
2020-10-23T15:34:10.670+0800: 0.890: [GC concurrent-root-region-scan-start]
2020-10-23T15:34:10.670+0800: 0.890: [GC concurrent-root-region-scan-end, 0.0003539 secs]
2020-10-23T15:34:10.670+0800: 0.890: [GC concurrent-mark-start]
2020-10-23T15:34:10.672+0800: 0.893: [GC concurrent-mark-end, 0.0023653 secs]
2020-10-23T15:34:10.673+0800: 0.893: [GC remark, 0.0028233 secs]
2020-10-23T15:34:10.676+0800: 0.896: [GC cleanup 389M->388M(512M), 0.0035976 secs]
2020-10-23T15:34:10.680+0800: 0.900: [GC concurrent-cleanup-start]
2020-10-23T15:34:10.680+0800: 0.900: [GC concurrent-cleanup-end, 0.0000106 secs]
2020-10-23T15:34:10.681+0800: 0.902: [GC pause (G1 Evacuation Pause) (young) 401M->375M(512M), 0.0054477 secs]
2020-10-23T15:34:10.691+0800: 0.912: [GC pause (G1 Evacuation Pause) (mixed) 402M->361M(512M), 0.0082115 secs]
2020-10-23T15:34:10.704+0800: 0.924: [GC pause (G1 Evacuation Pause) (mixed) 390M->367M(512M), 0.0061809 secs]
2020-10-23T15:34:10.711+0800: 0.931: [GC pause (G1 Humongous Allocation) (young) (initial-mark) 368M->368M(512M), 0.0042873 secs]
2020-10-23T15:34:10.715+0800: 0.935: [GC concurrent-root-region-scan-start]
2020-10-23T15:34:10.715+0800: 0.936: [GC concurrent-root-region-scan-end, 0.0003210 secs]
2020-10-23T15:34:10.715+0800: 0.936: [GC concurrent-mark-start]
2020-10-23T15:34:10.718+0800: 0.938: [GC concurrent-mark-end, 0.0022369 secs]
2020-10-23T15:34:10.718+0800: 0.938: [GC remark, 0.0033660 secs]
2020-10-23T15:34:10.722+0800: 0.942: [GC cleanup 387M->387M(512M), 0.0034626 secs]
2020-10-23T15:34:10.727+0800: 0.948: [GC pause (G1 Evacuation Pause) (young) 399M->378M(512M), 0.0049838 secs]
2020-10-23T15:34:10.736+0800: 0.957: [GC pause (G1 Evacuation Pause) (mixed) 406M->362M(512M), 0.0089015 secs]
2020-10-23T15:34:10.748+0800: 0.969: [GC pause (G1 Evacuation Pause) (mixed) 384M->367M(512M), 0.0052669 secs]
2020-10-23T15:34:10.755+0800: 0.975: [GC pause (G1 Humongous Allocation) (young) (initial-mark) 370M->368M(512M), 0.0038649 secs]
2020-10-23T15:34:10.759+0800: 0.979: [GC concurrent-root-region-scan-start]
2020-10-23T15:34:10.759+0800: 0.979: [GC concurrent-root-region-scan-end, 0.0003166 secs]
2020-10-23T15:34:10.759+0800: 0.979: [GC concurrent-mark-start]
2020-10-23T15:34:10.761+0800: 0.982: [GC concurrent-mark-end, 0.0023157 secs]
2020-10-23T15:34:10.762+0800: 0.982: [GC remark, 0.0029246 secs]
2020-10-23T15:34:10.765+0800: 0.985: [GC cleanup 388M->388M(512M), 0.0032939 secs]
2020-10-23T15:34:10.770+0800: 0.991: [GC pause (G1 Evacuation Pause) (young) 402M->371M(512M), 0.0047842 secs]
2020-10-23T15:34:10.779+0800: 0.999: [GC pause (G1 Evacuation Pause) (mixed) 398M->363M(512M), 0.0090599 secs]
2020-10-23T15:34:10.789+0800: 1.009: [GC pause (G1 Humongous Allocation) (young) (initial-mark) 365M->363M(512M), 0.0038449 secs]
2020-10-23T15:34:10.793+0800: 1.013: [GC concurrent-root-region-scan-start]
2020-10-23T15:34:10.793+0800: 1.013: [GC concurrent-root-region-scan-end, 0.0002664 secs]
2020-10-23T15:34:10.793+0800: 1.013: [GC concurrent-mark-start]
2020-10-23T15:34:10.795+0800: 1.016: [GC concurrent-mark-end, 0.0023013 secs]
2020-10-23T15:34:10.796+0800: 1.016: [GC remark, 0.0031739 secs]
2020-10-23T15:34:10.799+0800: 1.020: [GC cleanup 384M->384M(512M), 0.0034208 secs]
2020-10-23T15:34:10.806+0800: 1.027: [GC pause (G1 Evacuation Pause) (young) 407M->372M(512M), 0.0052432 secs]
2020-10-23T15:34:10.815+0800: 1.035: [GC pause (G1 Evacuation Pause) (mixed) 400M->369M(512M), 0.0083436 secs]
2020-10-23T15:34:10.823+0800: 1.044: [GC pause (G1 Humongous Allocation) (young) (initial-mark) 370M->369M(512M), 0.0069271 secs]
2020-10-23T15:34:10.830+0800: 1.051: [GC concurrent-root-region-scan-start]
2020-10-23T15:34:10.831+0800: 1.051: [GC concurrent-root-region-scan-end, 0.0003625 secs]
2020-10-23T15:34:10.831+0800: 1.051: [GC concurrent-mark-start]
2020-10-23T15:34:10.833+0800: 1.053: [GC concurrent-mark-end, 0.0023519 secs]
2020-10-23T15:34:10.833+0800: 1.054: [GC remark, 0.0035999 secs]
2020-10-23T15:34:10.837+0800: 1.058: [GC cleanup 396M->396M(512M), 0.0043607 secs]
