Java HotSpot(TM) 64-Bit Server VM (25.261-b12) for linux-amd64 JRE (1.8.0_261-b12), built on Jun 17 2020 23:41:40 by "java_re" with gcc 7.3.0
Memory: 4k page, physical 6055148k(4493392k free), swap 8388604k(8388604k free)
CommandLine flags: -XX:InitialHeapSize=268435456 -XX:MaxHeapSize=268435456 -XX:+PrintGC -XX:+PrintGCDateStamps -XX:+PrintGCTimeStamps -XX:+UseCompressedClassPointers -XX:+UseCompressedOops -XX:+UseG1GC 
2020-10-23T15:45:38.556+0800: 0.076: [GC pause (G1 Evacuation Pause) (young) 28M->9015K(256M), 0.0040067 secs]
2020-10-23T15:45:38.575+0800: 0.094: [GC pause (G1 Evacuation Pause) (young) 45M->21M(256M), 0.0071512 secs]
2020-10-23T15:45:38.592+0800: 0.112: [GC pause (G1 Evacuation Pause) (young) 65M->35M(256M), 0.0085982 secs]
2020-10-23T15:45:38.641+0800: 0.161: [GC pause (G1 Evacuation Pause) (young) 151M->72M(256M), 0.0094213 secs]
2020-10-23T15:45:38.663+0800: 0.183: [GC pause (G1 Evacuation Pause) (young) 146M->96M(256M), 0.0063716 secs]
2020-10-23T15:45:38.674+0800: 0.194: [GC pause (G1 Humongous Allocation) (young) (initial-mark) 123M->106M(256M), 0.0058492 secs]
2020-10-23T15:45:38.680+0800: 0.200: [GC concurrent-root-region-scan-start]
2020-10-23T15:45:38.680+0800: 0.200: [GC concurrent-root-region-scan-end, 0.0003131 secs]
2020-10-23T15:45:38.680+0800: 0.200: [GC concurrent-mark-start]
2020-10-23T15:45:38.683+0800: 0.203: [GC concurrent-mark-end, 0.0030884 secs]
2020-10-23T15:45:38.683+0800: 0.203: [GC remark, 0.0027461 secs]
2020-10-23T15:45:38.687+0800: 0.206: [GC cleanup 127M->127M(256M), 0.0028771 secs]
2020-10-23T15:45:38.704+0800: 0.224: [GC pause (G1 Evacuation Pause) (young)-- 208M->180M(256M), 0.0062328 secs]
2020-10-23T15:45:38.710+0800: 0.230: [GC pause (G1 Humongous Allocation) (young) (initial-mark) 180M->179M(256M), 0.0041621 secs]
2020-10-23T15:45:38.715+0800: 0.235: [GC concurrent-root-region-scan-start]
2020-10-23T15:45:38.715+0800: 0.235: [GC concurrent-root-region-scan-end, 0.0000096 secs]
2020-10-23T15:45:38.715+0800: 0.235: [GC concurrent-mark-start]
2020-10-23T15:45:38.716+0800: 0.236: [GC concurrent-mark-end, 0.0010026 secs]
2020-10-23T15:45:38.716+0800: 0.236: [GC remark, 0.0027692 secs]
2020-10-23T15:45:38.719+0800: 0.239: [GC cleanup 192M->192M(256M), 0.0030799 secs]
2020-10-23T15:45:38.725+0800: 0.245: [GC pause (G1 Evacuation Pause) (young) 204M->188M(256M), 0.0040333 secs]
2020-10-23T15:45:38.730+0800: 0.250: [GC pause (G1 Evacuation Pause) (mixed) 199M->168M(256M), 0.0043148 secs]
2020-10-23T15:45:38.737+0800: 0.257: [GC pause (G1 Evacuation Pause) (mixed) 181M->157M(256M), 0.0052428 secs]
2020-10-23T15:45:38.745+0800: 0.264: [GC pause (G1 Humongous Allocation) (young) (initial-mark) 171M->162M(256M), 0.0043517 secs]
2020-10-23T15:45:38.749+0800: 0.269: [GC concurrent-root-region-scan-start]
2020-10-23T15:45:38.749+0800: 0.269: [GC concurrent-root-region-scan-end, 0.0002298 secs]
2020-10-23T15:45:38.749+0800: 0.269: [GC concurrent-mark-start]
2020-10-23T15:45:38.750+0800: 0.270: [GC concurrent-mark-end, 0.0008975 secs]
2020-10-23T15:45:38.750+0800: 0.270: [GC remark, 0.0027807 secs]
2020-10-23T15:45:38.754+0800: 0.273: [GC cleanup 170M->170M(256M), 0.0027719 secs]
2020-10-23T15:45:38.762+0800: 0.281: [GC pause (G1 Evacuation Pause) (young) 200M->172M(256M), 0.0051854 secs]
2020-10-23T15:45:38.768+0800: 0.288: [GC pause (G1 Evacuation Pause) (mixed) 180M->170M(256M), 0.0052501 secs]
2020-10-23T15:45:38.774+0800: 0.294: [GC pause (G1 Humongous Allocation) (young) (initial-mark) 172M->171M(256M), 0.0035809 secs]
2020-10-23T15:45:38.778+0800: 0.298: [GC concurrent-root-region-scan-start]
2020-10-23T15:45:38.778+0800: 0.298: [GC concurrent-root-region-scan-end, 0.0003020 secs]
2020-10-23T15:45:38.778+0800: 0.298: [GC concurrent-mark-start]
2020-10-23T15:45:38.780+0800: 0.300: [GC concurrent-mark-end, 0.0018036 secs]
2020-10-23T15:45:38.780+0800: 0.300: [GC remark, 0.0032261 secs]
2020-10-23T15:45:38.784+0800: 0.304: [GC cleanup 192M->192M(256M), 0.0024055 secs]
2020-10-23T15:45:38.787+0800: 0.307: [GC pause (G1 Evacuation Pause) (young) 198M->181M(256M), 0.0053155 secs]
2020-10-23T15:45:38.794+0800: 0.314: [GC pause (G1 Evacuation Pause) (mixed) 190M->177M(256M), 0.0052929 secs]
2020-10-23T15:45:38.800+0800: 0.320: [GC pause (G1 Humongous Allocation) (young) (initial-mark) 179M->177M(256M), 0.0031465 secs]
2020-10-23T15:45:38.803+0800: 0.323: [GC concurrent-root-region-scan-start]
2020-10-23T15:45:38.804+0800: 0.323: [GC concurrent-root-region-scan-end, 0.0002646 secs]
2020-10-23T15:45:38.804+0800: 0.323: [GC concurrent-mark-start]
2020-10-23T15:45:38.805+0800: 0.325: [GC concurrent-mark-end, 0.0010890 secs]
2020-10-23T15:45:38.805+0800: 0.325: [GC remark, 0.0029267 secs]
2020-10-23T15:45:38.808+0800: 0.328: [GC cleanup 190M->190M(256M), 0.0025562 secs]
2020-10-23T15:45:38.813+0800: 0.332: [GC pause (G1 Evacuation Pause) (young) 198M->182M(256M), 0.0040786 secs]
2020-10-23T15:45:38.818+0800: 0.338: [GC pause (G1 Evacuation Pause) (mixed) 192M->181M(256M), 0.0050576 secs]
2020-10-23T15:45:38.824+0800: 0.344: [GC pause (G1 Humongous Allocation) (young) (initial-mark) 185M->182M(256M), 0.0037659 secs]
2020-10-23T15:45:38.828+0800: 0.348: [GC concurrent-root-region-scan-start]
2020-10-23T15:45:38.828+0800: 0.348: [GC concurrent-root-region-scan-end, 0.0002270 secs]
2020-10-23T15:45:38.828+0800: 0.348: [GC concurrent-mark-start]
2020-10-23T15:45:38.829+0800: 0.349: [GC concurrent-mark-end, 0.0011063 secs]
2020-10-23T15:45:38.830+0800: 0.350: [GC remark, 0.0026146 secs]
2020-10-23T15:45:38.833+0800: 0.353: [GC cleanup 193M->193M(256M), 0.0030779 secs]
2020-10-23T15:45:38.837+0800: 0.357: [GC pause (G1 Evacuation Pause) (young) 199M->189M(256M), 0.0042850 secs]
2020-10-23T15:45:38.844+0800: 0.364: [GC pause (G1 Evacuation Pause) (mixed) 199M->188M(256M), 0.0042212 secs]
2020-10-23T15:45:38.850+0800: 0.370: [GC pause (G1 Evacuation Pause) (young) 198M->191M(256M), 0.0038117 secs]
2020-10-23T15:45:38.854+0800: 0.374: [GC pause (G1 Humongous Allocation) (young) (initial-mark) 192M->192M(256M), 0.0038212 secs]
2020-10-23T15:45:38.858+0800: 0.378: [GC concurrent-root-region-scan-start]
2020-10-23T15:45:38.858+0800: 0.378: [GC concurrent-root-region-scan-end, 0.0000121 secs]
2020-10-23T15:45:38.858+0800: 0.378: [GC concurrent-mark-start]
2020-10-23T15:45:38.860+0800: 0.380: [GC concurrent-mark-end, 0.0017195 secs]
2020-10-23T15:45:38.860+0800: 0.380: [GC remark, 0.0030325 secs]
2020-10-23T15:45:38.864+0800: 0.384: [GC cleanup 203M->203M(256M), 0.0034772 secs]
2020-10-23T15:45:38.869+0800: 0.389: [GC pause (G1 Evacuation Pause) (young) 209M->198M(256M), 0.0038997 secs]
2020-10-23T15:45:38.875+0800: 0.395: [GC pause (G1 Evacuation Pause) (mixed)-- 211M->199M(256M), 0.0059792 secs]
2020-10-23T15:45:38.882+0800: 0.402: [GC pause (G1 Humongous Allocation) (young) (initial-mark) 202M->200M(256M), 0.0036559 secs]
2020-10-23T15:45:38.886+0800: 0.405: [GC concurrent-root-region-scan-start]
2020-10-23T15:45:38.886+0800: 0.406: [GC concurrent-root-region-scan-end, 0.0002225 secs]
2020-10-23T15:45:38.886+0800: 0.406: [GC concurrent-mark-start]
2020-10-23T15:45:38.887+0800: 0.407: [GC concurrent-mark-end, 0.0011035 secs]
2020-10-23T15:45:38.887+0800: 0.407: [GC remark, 0.0025252 secs]
2020-10-23T15:45:38.890+0800: 0.410: [GC cleanup 207M->207M(256M), 0.0029243 secs]
2020-10-23T15:45:38.895+0800: 0.415: [GC pause (G1 Evacuation Pause) (young) 214M->206M(256M), 0.0042393 secs]
2020-10-23T15:45:38.901+0800: 0.421: [GC pause (G1 Evacuation Pause) (mixed)-- 220M->217M(256M), 0.0047348 secs]
2020-10-23T15:45:38.907+0800: 0.427: [GC pause (G1 Humongous Allocation) (young) (initial-mark) 221M->219M(256M), 0.0036828 secs]
2020-10-23T15:45:38.911+0800: 0.431: [GC concurrent-root-region-scan-start]
2020-10-23T15:45:38.911+0800: 0.431: [GC concurrent-root-region-scan-end, 0.0001932 secs]
2020-10-23T15:45:38.911+0800: 0.431: [GC concurrent-mark-start]
2020-10-23T15:45:38.911+0800: 0.431: [GC pause (G1 Evacuation Pause) (young)-- 222M->221M(256M), 0.0037462 secs]
2020-10-23T15:45:38.916+0800: 0.435: [GC pause (G1 Humongous Allocation) (young)-- 222M->222M(256M), 0.0041394 secs]
2020-10-23T15:45:38.920+0800: 0.440: [Full GC (Allocation Failure)  222M->183M(256M), 0.0222639 secs]
2020-10-23T15:45:38.943+0800: 0.463: [GC concurrent-mark-abort]
2020-10-23T15:45:38.943+0800: 0.463: [GC pause (G1 Humongous Allocation) (young) (initial-mark) 184M->183M(256M), 0.0041672 secs]
2020-10-23T15:45:38.947+0800: 0.467: [GC concurrent-root-region-scan-start]
2020-10-23T15:45:38.947+0800: 0.467: [GC concurrent-root-region-scan-end, 0.0003185 secs]
2020-10-23T15:45:38.947+0800: 0.467: [GC concurrent-mark-start]
2020-10-23T15:45:38.950+0800: 0.470: [GC concurrent-mark-end, 0.0022835 secs]
2020-10-23T15:45:38.950+0800: 0.470: [GC remark, 0.0028816 secs]
2020-10-23T15:45:38.953+0800: 0.473: [GC cleanup 196M->196M(256M), 0.0032851 secs]
2020-10-23T15:45:38.957+0800: 0.477: [GC pause (G1 Evacuation Pause) (young) 198M->189M(256M), 0.0043022 secs]
2020-10-23T15:45:38.962+0800: 0.482: [GC pause (G1 Humongous Allocation) (young) (initial-mark) 191M->189M(256M), 0.0038071 secs]
2020-10-23T15:45:38.966+0800: 0.486: [GC concurrent-root-region-scan-start]
2020-10-23T15:45:38.966+0800: 0.486: [GC concurrent-root-region-scan-end, 0.0001951 secs]
2020-10-23T15:45:38.966+0800: 0.486: [GC concurrent-mark-start]
2020-10-23T15:45:38.967+0800: 0.487: [GC concurrent-mark-end, 0.0010922 secs]
2020-10-23T15:45:38.968+0800: 0.488: [GC remark, 0.0029689 secs]
2020-10-23T15:45:38.971+0800: 0.491: [GC cleanup 200M->200M(256M), 0.0031611 secs]
2020-10-23T15:45:38.975+0800: 0.495: [GC pause (G1 Evacuation Pause) (young)-- 202M->199M(256M), 0.0043457 secs]
2020-10-23T15:45:38.981+0800: 0.501: [GC pause (G1 Evacuation Pause) (mixed)-- 203M->203M(256M), 0.0047791 secs]
2020-10-23T15:45:38.986+0800: 0.506: [GC pause (G1 Humongous Allocation) (young) (initial-mark)-- 204M->204M(256M), 0.0036831 secs]
2020-10-23T15:45:38.990+0800: 0.510: [GC concurrent-root-region-scan-start]
2020-10-23T15:45:38.990+0800: 0.510: [GC concurrent-root-region-scan-end, 0.0000080 secs]
2020-10-23T15:45:38.990+0800: 0.510: [GC concurrent-mark-start]
2020-10-23T15:45:38.990+0800: 0.510: [GC pause (G1 Humongous Allocation) (young) 204M->204M(256M), 0.0028492 secs]
2020-10-23T15:45:38.993+0800: 0.513: [Full GC (Allocation Failure)  204M->190M(256M), 0.0207302 secs]
2020-10-23T15:45:39.014+0800: 0.534: [GC concurrent-mark-abort]
2020-10-23T15:45:39.015+0800: 0.535: [GC pause (G1 Humongous Allocation) (young) (initial-mark) 195M->191M(256M), 0.0039622 secs]
2020-10-23T15:45:39.019+0800: 0.539: [GC concurrent-root-region-scan-start]
2020-10-23T15:45:39.019+0800: 0.539: [GC concurrent-root-region-scan-end, 0.0002250 secs]
2020-10-23T15:45:39.019+0800: 0.539: [GC concurrent-mark-start]
2020-10-23T15:45:39.021+0800: 0.540: [GC concurrent-mark-end, 0.0011803 secs]
2020-10-23T15:45:39.021+0800: 0.541: [GC remark, 0.0062055 secs]
2020-10-23T15:45:39.027+0800: 0.547: [GC pause (G1 Evacuation Pause) (young)-- 204M->199M(256M), 0.0043560 secs]
2020-10-23T15:45:39.032+0800: 0.552: [GC cleanup 200M->200M(256M), 0.0027655 secs]
2020-10-23T15:45:39.036+0800: 0.556: [GC pause (G1 Evacuation Pause) (young)-- 205M->204M(256M), 0.0035536 secs]
2020-10-23T15:45:39.040+0800: 0.560: [GC pause (G1 Evacuation Pause) (young)-- 205M->205M(256M), 0.0031153 secs]
2020-10-23T15:45:39.043+0800: 0.563: [Full GC (Allocation Failure)  205M->194M(256M), 0.0065889 secs]
2020-10-23T15:45:39.050+0800: 0.570: [GC pause (G1 Humongous Allocation) (young) (initial-mark) 195M->193M(256M), 0.0037072 secs]
2020-10-23T15:45:39.054+0800: 0.574: [GC concurrent-root-region-scan-start]
2020-10-23T15:45:39.054+0800: 0.574: [GC concurrent-root-region-scan-end, 0.0002645 secs]
2020-10-23T15:45:39.054+0800: 0.574: [GC concurrent-mark-start]
2020-10-23T15:45:39.055+0800: 0.575: [GC concurrent-mark-end, 0.0012018 secs]
2020-10-23T15:45:39.056+0800: 0.575: [GC pause (G1 Humongous Allocation) (young)-- 202M->199M(256M), 0.0042595 secs]
2020-10-23T15:45:39.060+0800: 0.580: [GC remark, 0.0024963 secs]
2020-10-23T15:45:39.063+0800: 0.583: [GC cleanup 202M->202M(256M), 0.0032956 secs]
2020-10-23T15:45:39.067+0800: 0.587: [GC pause (G1 Evacuation Pause) (young)-- 203M->203M(256M), 0.0040414 secs]
2020-10-23T15:45:39.071+0800: 0.591: [Full GC (Allocation Failure)  203M->195M(256M), 0.0175519 secs]
2020-10-23T15:45:39.089+0800: 0.609: [GC pause (G1 Humongous Allocation) (young) (initial-mark) 199M->195M(256M), 0.0036453 secs]
2020-10-23T15:45:39.093+0800: 0.613: [GC concurrent-root-region-scan-start]
2020-10-23T15:45:39.093+0800: 0.613: [GC concurrent-root-region-scan-end, 0.0003072 secs]
2020-10-23T15:45:39.093+0800: 0.613: [GC concurrent-mark-start]
2020-10-23T15:45:39.095+0800: 0.614: [GC concurrent-mark-end, 0.0011481 secs]
2020-10-23T15:45:39.095+0800: 0.614: [GC pause (G1 Evacuation Pause) (young)-- 202M->200M(256M), 0.0041474 secs]
2020-10-23T15:45:39.099+0800: 0.619: [GC remark, 0.0026338 secs]
2020-10-23T15:45:39.102+0800: 0.622: [GC cleanup 202M->202M(256M), 0.0027275 secs]
2020-10-23T15:45:39.105+0800: 0.625: [GC pause (G1 Evacuation Pause) (young)-- 203M->202M(256M), 0.0032076 secs]
2020-10-23T15:45:39.109+0800: 0.629: [GC pause (G1 Evacuation Pause) (young)-- 203M->203M(256M), 0.0031846 secs]
2020-10-23T15:45:39.112+0800: 0.632: [Full GC (Allocation Failure)  203M->196M(256M), 0.0176756 secs]
2020-10-23T15:45:39.131+0800: 0.651: [GC pause (G1 Humongous Allocation) (young) (initial-mark) 198M->196M(256M), 0.0074065 secs]
2020-10-23T15:45:39.138+0800: 0.658: [GC concurrent-root-region-scan-start]
2020-10-23T15:45:39.139+0800: 0.659: [GC concurrent-root-region-scan-end, 0.0003261 secs]
2020-10-23T15:45:39.139+0800: 0.659: [GC concurrent-mark-start]
2020-10-23T15:45:39.139+0800: 0.659: [GC pause (G1 Evacuation Pause) (young)-- 202M->201M(256M), 0.0041440 secs]
2020-10-23T15:45:39.144+0800: 0.664: [GC pause (G1 Evacuation Pause) (young)-- 202M->202M(256M), 0.0040458 secs]
2020-10-23T15:45:39.148+0800: 0.668: [Full GC (Allocation Failure)  202M->198M(256M), 0.0134352 secs]
2020-10-23T15:45:39.162+0800: 0.682: [GC concurrent-mark-abort]
2020-10-23T15:45:39.163+0800: 0.683: [GC pause (G1 Humongous Allocation) (young) (initial-mark)-- 203M->202M(256M), 0.0056957 secs]
2020-10-23T15:45:39.169+0800: 0.689: [GC concurrent-root-region-scan-start]
2020-10-23T15:45:39.169+0800: 0.689: [GC concurrent-root-region-scan-end, 0.0000098 secs]
2020-10-23T15:45:39.169+0800: 0.689: [GC concurrent-mark-start]
2020-10-23T15:45:39.169+0800: 0.689: [GC pause (G1 Evacuation Pause) (young)-- 203M->203M(256M), 0.0042542 secs]
2020-10-23T15:45:39.174+0800: 0.694: [GC pause (G1 Evacuation Pause) (young)-- 204M->204M(256M), 0.0040445 secs]
2020-10-23T15:45:39.179+0800: 0.699: [Full GC (Allocation Failure)  204M->198M(256M), 0.0085036 secs]
2020-10-23T15:45:39.187+0800: 0.707: [GC concurrent-mark-abort]
2020-10-23T15:45:39.188+0800: 0.708: [GC pause (G1 Humongous Allocation) (young) (initial-mark) 200M->197M(256M), 0.0037392 secs]
2020-10-23T15:45:39.192+0800: 0.712: [GC concurrent-root-region-scan-start]
2020-10-23T15:45:39.192+0800: 0.712: [GC concurrent-root-region-scan-end, 0.0003360 secs]
2020-10-23T15:45:39.192+0800: 0.712: [GC concurrent-mark-start]
2020-10-23T15:45:39.192+0800: 0.712: [GC pause (G1 Humongous Allocation) (young)-- 200M->198M(256M), 0.0039844 secs]
2020-10-23T15:45:39.197+0800: 0.717: [GC pause (G1 Humongous Allocation) (young)-- 200M->200M(256M), 0.0037436 secs]
2020-10-23T15:45:39.201+0800: 0.721: [GC pause (G1 Humongous Allocation) (young) 200M->200M(256M), 0.0026281 secs]
2020-10-23T15:45:39.204+0800: 0.724: [Full GC (Allocation Failure)  200M->199M(256M), 0.0187563 secs]
2020-10-23T15:45:39.223+0800: 0.743: [GC concurrent-mark-abort]
2020-10-23T15:45:39.223+0800: 0.743: [GC pause (G1 Humongous Allocation) (young) (initial-mark)-- 202M->201M(256M), 0.0103220 secs]
2020-10-23T15:45:39.234+0800: 0.754: [GC concurrent-root-region-scan-start]
2020-10-23T15:45:39.234+0800: 0.754: [GC concurrent-root-region-scan-end, 0.0000096 secs]
2020-10-23T15:45:39.234+0800: 0.754: [GC concurrent-mark-start]
2020-10-23T15:45:39.234+0800: 0.754: [GC pause (G1 Evacuation Pause) (young) 202M->202M(256M), 0.0031543 secs]
2020-10-23T15:45:39.238+0800: 0.758: [GC pause (G1 Evacuation Pause) (young) 202M->202M(256M), 0.0028693 secs]
2020-10-23T15:45:39.241+0800: 0.761: [Full GC (Allocation Failure)  202M->200M(256M), 0.0054950 secs]
2020-10-23T15:45:39.247+0800: 0.767: [GC concurrent-mark-abort]
2020-10-23T15:45:39.247+0800: 0.767: [GC pause (G1 Humongous Allocation) (young)-- 202M->202M(256M), 0.0041702 secs]
2020-10-23T15:45:39.251+0800: 0.771: [GC pause (G1 Evacuation Pause) (young) (initial-mark) 202M->202M(256M), 0.0032891 secs]
2020-10-23T15:45:39.255+0800: 0.775: [GC concurrent-root-region-scan-start]
2020-10-23T15:45:39.255+0800: 0.775: [GC concurrent-root-region-scan-end, 0.0000082 secs]
2020-10-23T15:45:39.255+0800: 0.775: [GC concurrent-mark-start]
2020-10-23T15:45:39.255+0800: 0.775: [GC pause (G1 Evacuation Pause) (young) 202M->202M(256M), 0.0027105 secs]
2020-10-23T15:45:39.258+0800: 0.778: [Full GC (Allocation Failure)  202M->201M(256M), 0.0170763 secs]
2020-10-23T15:45:39.275+0800: 0.795: [GC concurrent-mark-abort]
2020-10-23T15:45:39.276+0800: 0.795: [GC pause (G1 Humongous Allocation) (young) (initial-mark)-- 203M->202M(256M), 0.0052770 secs]
2020-10-23T15:45:39.281+0800: 0.801: [GC concurrent-root-region-scan-start]
2020-10-23T15:45:39.281+0800: 0.801: [GC concurrent-root-region-scan-end, 0.0000100 secs]
2020-10-23T15:45:39.281+0800: 0.801: [GC concurrent-mark-start]
2020-10-23T15:45:39.282+0800: 0.802: [GC pause (G1 Evacuation Pause) (young)2020-10-23T15:45:39.282+0800: 0.802: [GC concurrent-mark-end, 0.0012388 secs]
 202M->202M(256M), 0.0034190 secs]
2020-10-23T15:45:39.286+0800: 0.806: [GC remark, 0.0025545 secs]
2020-10-23T15:45:39.289+0800: 0.809: [GC pause (G1 Evacuation Pause) (young)-- 203M->203M(256M), 0.0038673 secs]
2020-10-23T15:45:39.293+0800: 0.813: [Full GC (Allocation Failure)  203M->201M(256M), 0.0106567 secs]
2020-10-23T15:45:39.304+0800: 0.824: [GC cleanup, 0.0000231 secs]
2020-10-23T15:45:39.304+0800: 0.824: [GC concurrent-mark-abort]
2020-10-23T15:45:39.305+0800: 0.824: [GC pause (G1 Humongous Allocation) (young) (initial-mark) 203M->201M(256M), 0.0041130 secs]
2020-10-23T15:45:39.309+0800: 0.829: [GC concurrent-root-region-scan-start]
2020-10-23T15:45:39.309+0800: 0.829: [GC concurrent-root-region-scan-end, 0.0003222 secs]
2020-10-23T15:45:39.309+0800: 0.829: [GC concurrent-mark-start]
2020-10-23T15:45:39.310+0800: 0.830: [GC pause (G1 Evacuation Pause) (young)-- 205M->203M(256M), 0.0040409 secs]
2020-10-23T15:45:39.315+0800: 2020-10-23T15:45:39.315+0800: 0.835: 0.835: [GC concurrent-mark-end, 0.0055903 secs]
[GC pause (G1 Evacuation Pause) (young)-- 205M->205M(256M), 0.0034839 secs]
2020-10-23T15:45:39.318+0800: 0.838: [Full GC (Allocation Failure)  205M->200M(256M), 0.0123440 secs]
2020-10-23T15:45:39.331+0800: 0.851: [GC remark, 0.0000240 secs]
2020-10-23T15:45:39.332+0800: 0.852: [GC concurrent-mark-abort]
2020-10-23T15:45:39.332+0800: 0.852: [GC pause (G1 Evacuation Pause) (young)-- 204M->204M(256M), 0.0043589 secs]
2020-10-23T15:45:39.337+0800: 0.857: [GC pause (G1 Evacuation Pause) (young) (initial-mark)-- 205M->205M(256M), 0.0039045 secs]
2020-10-23T15:45:39.341+0800: 0.861: [GC concurrent-root-region-scan-start]
2020-10-23T15:45:39.341+0800: 0.861: [GC concurrent-root-region-scan-end, 0.0000092 secs]
2020-10-23T15:45:39.341+0800: 0.861: [GC concurrent-mark-start]
2020-10-23T15:45:39.341+0800: 0.861: [Full GC (Allocation Failure)  205M->201M(256M), 0.0043193 secs]
2020-10-23T15:45:39.346+0800: 0.866: [GC concurrent-mark-abort]
2020-10-23T15:45:39.346+0800: 0.866: [GC pause (G1 Evacuation Pause) (young)-- 204M->203M(256M), 0.0041464 secs]
2020-10-23T15:45:39.351+0800: 0.871: [GC pause (G1 Evacuation Pause) (young) (initial-mark)-- 204M->204M(256M), 0.0041200 secs]
2020-10-23T15:45:39.355+0800: 0.875: [GC concurrent-root-region-scan-start]
2020-10-23T15:45:39.355+0800: 0.875: [GC concurrent-root-region-scan-end, 0.0000083 secs]
2020-10-23T15:45:39.355+0800: 0.875: [GC concurrent-mark-start]
2020-10-23T15:45:39.355+0800: 0.875: [Full GC (Allocation Failure)  204M->201M(256M), 0.0097703 secs]
2020-10-23T15:45:39.365+0800: 0.885: [GC concurrent-mark-abort]
2020-10-23T15:45:39.366+0800: 0.886: [GC pause (G1 Evacuation Pause) (young)-- 205M->205M(256M), 0.0047043 secs]
2020-10-23T15:45:39.371+0800: 0.891: [Full GC (Allocation Failure)  205M->201M(256M), 0.0153919 secs]
2020-10-23T15:45:39.387+0800: 0.906: [GC pause (G1 Humongous Allocation) (young) (initial-mark) 202M->201M(256M), 0.0045459 secs]
2020-10-23T15:45:39.391+0800: 0.911: [GC concurrent-root-region-scan-start]
2020-10-23T15:45:39.391+0800: 0.911: [GC concurrent-root-region-scan-end, 0.0001931 secs]
2020-10-23T15:45:39.391+0800: 0.911: [GC concurrent-mark-start]
2020-10-23T15:45:39.393+0800: 0.912: [GC concurrent-mark-end, 0.0010804 secs]
2020-10-23T15:45:39.393+0800: 0.912: [GC pause (G1 Evacuation Pause) (young)-- 204M->203M(256M), 0.0041992 secs]
2020-10-23T15:45:39.397+0800: 0.917: [GC remark, 0.0028832 secs]
2020-10-23T15:45:39.400+0800: 0.920: [GC pause (G1 Humongous Allocation) (young)-- 204M->204M(256M), 0.0036084 secs]
2020-10-23T15:45:39.404+0800: 0.924: [Full GC (Allocation Failure)  204M->202M(256M), 0.0033758 secs]
2020-10-23T15:45:39.408+0800: 0.928: [GC cleanup, 0.0000179 secs]
2020-10-23T15:45:39.408+0800: 0.928: [GC concurrent-mark-abort]
2020-10-23T15:45:39.408+0800: 0.928: [GC pause (G1 Evacuation Pause) (young)-- 205M->205M(256M), 0.0040052 secs]
2020-10-23T15:45:39.412+0800: 0.932: [Full GC (Allocation Failure)  205M->204M(256M), 0.0033319 secs]
2020-10-23T15:45:39.416+0800: 0.936: [GC pause (G1 Humongous Allocation) (young) (initial-mark) 204M->204M(256M), 0.0037166 secs]
2020-10-23T15:45:39.420+0800: 0.940: [GC concurrent-root-region-scan-start]
2020-10-23T15:45:39.420+0800: 0.940: [GC concurrent-root-region-scan-end, 0.0000076 secs]
2020-10-23T15:45:39.420+0800: 0.940: [GC concurrent-mark-start]
2020-10-23T15:45:39.420+0800: 0.940: [GC pause (G1 Evacuation Pause) (young) 205M->204M(256M), 0.0030873 secs]
2020-10-23T15:45:39.424+0800: 0.944: [GC pause (G1 Evacuation Pause) (young)2020-10-23T15:45:39.424+0800: 0.944: [GC concurrent-mark-end, 0.0044346 secs]
-- 205M->205M(256M), 0.0034903 secs]
2020-10-23T15:45:39.428+0800: 0.948: [Full GC (Allocation Failure)  205M->204M(256M), 0.0039592 secs]
2020-10-23T15:45:39.432+0800: 0.952: [Full GC (Allocation Failure)  204M->204M(256M), 0.0034003 secs]
2020-10-23T15:45:39.436+0800: 0.956: [GC pause (G1 Evacuation Pause) (young) 204M->204M(256M), 0.0031992 secs]
2020-10-23T15:45:39.439+0800: 0.959: [GC pause (G1 Evacuation Pause) (young) 204M->204M(256M), 0.0030473 secs]
2020-10-23T15:45:39.442+0800: 0.962: [Full GC (Allocation Failure)  204M->248K(256M), 0.0030695 secs]
2020-10-23T15:45:39.446+0800: 0.966: [GC remark, 0.0000184 secs]
2020-10-23T15:45:39.446+0800: 0.966: [GC concurrent-mark-abort]
