Java HotSpot(TM) 64-Bit Server VM (25.261-b12) for linux-amd64 JRE (1.8.0_261-b12), built on Jun 17 2020 23:41:40 by "java_re" with gcc 7.3.0
Memory: 4k page, physical 6055148k(4480120k free), swap 8388604k(8388604k free)
CommandLine flags: -XX:InitialHeapSize=1073741824 -XX:MaxHeapSize=1073741824 -XX:+PrintGC -XX:+PrintGCDateStamps -XX:+PrintGCTimeStamps -XX:+UseCompressedClassPointers -XX:+UseCompressedOops -XX:+UseG1GC 
2020-10-23T16:33:17.515+0800: 0.103: [GC pause (G1 Evacuation Pause) (young) 62M->19M(1024M), 0.0051841 secs]
2020-10-23T16:33:17.533+0800: 0.121: [GC pause (G1 Evacuation Pause) (young) 71M->36M(1024M), 0.0049164 secs]
2020-10-23T16:33:17.551+0800: 0.139: [GC pause (G1 Evacuation Pause) (young) 91M->55M(1024M), 0.0060381 secs]
2020-10-23T16:33:17.586+0800: 0.174: [GC pause (G1 Evacuation Pause) (young) 142M->85M(1024M), 0.0072911 secs]
2020-10-23T16:33:17.616+0800: 0.204: [GC pause (G1 Evacuation Pause) (young) 182M->112M(1024M), 0.0069113 secs]
2020-10-23T16:33:17.646+0800: 0.234: [GC pause (G1 Evacuation Pause) (young) 233M->156M(1024M), 0.0068367 secs]
2020-10-23T16:33:17.680+0800: 0.268: [GC pause (G1 Evacuation Pause) (young) 300M->193M(1024M), 0.0079324 secs]
2020-10-23T16:33:17.724+0800: 0.312: [GC pause (G1 Evacuation Pause) (young) 377M->247M(1024M), 0.0092055 secs]
2020-10-23T16:33:17.776+0800: 0.364: [GC pause (G1 Evacuation Pause) (young) 474M->306M(1024M), 0.0103770 secs]
2020-10-23T16:33:17.832+0800: 0.420: [GC pause (G1 Evacuation Pause) (young) 582M->378M(1024M), 0.0127666 secs]
2020-10-23T16:33:17.869+0800: 0.457: [GC pause (G1 Humongous Allocation) (young) (initial-mark) 583M->421M(1024M), 0.0106347 secs]
2020-10-23T16:33:17.880+0800: 0.468: [GC concurrent-root-region-scan-start]
2020-10-23T16:33:17.880+0800: 0.468: [GC concurrent-root-region-scan-end, 0.0001735 secs]
2020-10-23T16:33:17.880+0800: 0.468: [GC concurrent-mark-start]
2020-10-23T16:33:17.888+0800: 0.476: [GC concurrent-mark-end, 0.0080645 secs]
2020-10-23T16:33:17.888+0800: 0.476: [GC remark, 0.0034894 secs]
2020-10-23T16:33:17.892+0800: 0.480: [GC cleanup 462M->450M(1024M), 0.0033095 secs]
2020-10-23T16:33:17.896+0800: 0.484: [GC concurrent-cleanup-start]
2020-10-23T16:33:17.896+0800: 0.484: [GC concurrent-cleanup-end, 0.0000163 secs]
2020-10-23T16:33:18.014+0800: 0.602: [GC pause (G1 Evacuation Pause) (young)-- 856M->671M(1024M), 0.0151725 secs]
2020-10-23T16:33:18.031+0800: 0.619: [GC pause (G1 Evacuation Pause) (mixed) 678M->592M(1024M), 0.0100829 secs]
2020-10-23T16:33:18.041+0800: 0.629: [GC pause (G1 Humongous Allocation) (young) (initial-mark) 593M->592M(1024M), 0.0037968 secs]
2020-10-23T16:33:18.045+0800: 0.633: [GC concurrent-root-region-scan-start]
2020-10-23T16:33:18.045+0800: 0.633: [GC concurrent-root-region-scan-end, 0.0003005 secs]
2020-10-23T16:33:18.045+0800: 0.633: [GC concurrent-mark-start]
2020-10-23T16:33:18.048+0800: 0.636: [GC concurrent-mark-end, 0.0024461 secs]
2020-10-23T16:33:18.048+0800: 0.636: [GC remark, 0.0030715 secs]
2020-10-23T16:33:18.052+0800: 0.640: [GC cleanup 618M->612M(1024M), 0.0034829 secs]
2020-10-23T16:33:18.055+0800: 0.643: [GC concurrent-cleanup-start]
2020-10-23T16:33:18.055+0800: 0.643: [GC concurrent-cleanup-end, 0.0000162 secs]
2020-10-23T16:33:18.097+0800: 0.685: [GC pause (G1 Evacuation Pause) (young)-- 876M->675M(1024M), 0.0109711 secs]
2020-10-23T16:33:18.111+0800: 0.699: [GC pause (G1 Evacuation Pause) (mixed) 702M->586M(1024M), 0.0083419 secs]
2020-10-23T16:33:18.128+0800: 0.716: [GC pause (G1 Evacuation Pause) (mixed) 642M->514M(1024M), 0.0079813 secs]
2020-10-23T16:33:18.144+0800: 0.732: [GC pause (G1 Evacuation Pause) (mixed) 573M->469M(1024M), 0.0085092 secs]
2020-10-23T16:33:18.153+0800: 0.741: [GC pause (G1 Humongous Allocation) (young) (initial-mark) 470M->468M(1024M), 0.0042856 secs]
2020-10-23T16:33:18.157+0800: 0.745: [GC concurrent-root-region-scan-start]
2020-10-23T16:33:18.158+0800: 0.746: [GC concurrent-root-region-scan-end, 0.0002427 secs]
2020-10-23T16:33:18.158+0800: 0.746: [GC concurrent-mark-start]
2020-10-23T16:33:18.160+0800: 0.748: [GC concurrent-mark-end, 0.0022178 secs]
2020-10-23T16:33:18.160+0800: 0.748: [GC remark, 0.0031398 secs]
2020-10-23T16:33:18.164+0800: 0.752: [GC cleanup 487M->481M(1024M), 0.0040104 secs]
2020-10-23T16:33:18.168+0800: 0.756: [GC concurrent-cleanup-start]
2020-10-23T16:33:18.168+0800: 0.756: [GC concurrent-cleanup-end, 0.0000135 secs]
2020-10-23T16:33:18.213+0800: 0.801: [GC pause (G1 Evacuation Pause) (young) 815M->540M(1024M), 0.0121183 secs]
2020-10-23T16:33:18.229+0800: 0.817: [GC pause (G1 Evacuation Pause) (mixed) 561M->512M(1024M), 0.0087055 secs]
2020-10-23T16:33:18.245+0800: 0.833: [GC pause (G1 Evacuation Pause) (mixed) 567M->498M(1024M), 0.0075228 secs]
2020-10-23T16:33:18.261+0800: 0.849: [GC pause (G1 Evacuation Pause) (mixed) 555M->489M(1024M), 0.0080480 secs]
2020-10-23T16:33:18.277+0800: 0.865: [GC pause (G1 Evacuation Pause) (mixed) 544M->492M(1024M), 0.0082166 secs]
2020-10-23T16:33:18.286+0800: 0.874: [GC pause (G1 Humongous Allocation) (young) (initial-mark) 497M->495M(1024M), 0.0049571 secs]
2020-10-23T16:33:18.291+0800: 0.879: [GC concurrent-root-region-scan-start]
2020-10-23T16:33:18.291+0800: 0.879: [GC concurrent-root-region-scan-end, 0.0002545 secs]
2020-10-23T16:33:18.291+0800: 0.879: [GC concurrent-mark-start]
2020-10-23T16:33:18.293+0800: 0.881: [GC concurrent-mark-end, 0.0023447 secs]
2020-10-23T16:33:18.294+0800: 0.882: [GC remark, 0.0038611 secs]
2020-10-23T16:33:18.298+0800: 0.886: [GC cleanup 516M->511M(1024M), 0.0035267 secs]
2020-10-23T16:33:18.302+0800: 0.890: [GC concurrent-cleanup-start]
2020-10-23T16:33:18.302+0800: 0.890: [GC concurrent-cleanup-end, 0.0000127 secs]
2020-10-23T16:33:18.308+0800: 0.895: [GC pause (G1 Evacuation Pause) (young) 553M->508M(1024M), 0.0053722 secs]
2020-10-23T16:33:18.321+0800: 0.909: [GC pause (G1 Evacuation Pause) (mixed) 566M->491M(1024M), 0.0070465 secs]
2020-10-23T16:33:18.335+0800: 0.923: [GC pause (G1 Evacuation Pause) (mixed) 545M->473M(1024M), 0.0076458 secs]
2020-10-23T16:33:18.352+0800: 0.940: [GC pause (G1 Evacuation Pause) (mixed) 533M->466M(1024M), 0.0085643 secs]
2020-10-23T16:33:18.368+0800: 0.956: [GC pause (G1 Evacuation Pause) (mixed) 515M->457M(1024M), 0.0121329 secs]
2020-10-23T16:33:18.381+0800: 0.969: [GC pause (G1 Humongous Allocation) (young) (initial-mark) 463M->458M(1024M), 0.0048186 secs]
2020-10-23T16:33:18.386+0800: 0.974: [GC concurrent-root-region-scan-start]
2020-10-23T16:33:18.387+0800: 0.975: [GC concurrent-root-region-scan-end, 0.0003391 secs]
2020-10-23T16:33:18.387+0800: 0.975: [GC concurrent-mark-start]
2020-10-23T16:33:18.389+0800: 0.977: [GC concurrent-mark-end, 0.0023151 secs]
2020-10-23T16:33:18.389+0800: 0.977: [GC remark, 0.0031340 secs]
2020-10-23T16:33:18.393+0800: 0.981: [GC cleanup 480M->479M(1024M), 0.0034458 secs]
2020-10-23T16:33:18.396+0800: 0.984: [GC concurrent-cleanup-start]
2020-10-23T16:33:18.396+0800: 0.984: [GC concurrent-cleanup-end, 0.0000100 secs]
2020-10-23T16:33:18.403+0800: 0.991: [GC pause (G1 Evacuation Pause) (young) 524M->475M(1024M), 0.0068738 secs]
2020-10-23T16:33:18.418+0800: 1.006: [GC pause (G1 Evacuation Pause) (mixed) 536M->472M(1024M), 0.0071793 secs]
2020-10-23T16:33:18.433+0800: 1.021: [GC pause (G1 Evacuation Pause) (mixed) 529M->464M(1024M), 0.0080632 secs]
2020-10-23T16:33:18.449+0800: 1.037: [GC pause (G1 Evacuation Pause) (mixed) 517M->457M(1024M), 0.0081062 secs]
2020-10-23T16:33:18.466+0800: 1.054: [GC pause (G1 Evacuation Pause) (mixed) 513M->474M(1024M), 0.0075075 secs]
2020-10-23T16:33:18.474+0800: 1.061: [GC pause (G1 Humongous Allocation) (young) (initial-mark) 475M->473M(1024M), 0.0044799 secs]
2020-10-23T16:33:18.478+0800: 1.066: [GC concurrent-root-region-scan-start]
2020-10-23T16:33:18.479+0800: 1.067: [GC concurrent-root-region-scan-end, 0.0004212 secs]
2020-10-23T16:33:18.479+0800: 1.067: [GC concurrent-mark-start]
2020-10-23T16:33:18.481+0800: 1.069: [GC concurrent-mark-end, 0.0024007 secs]
2020-10-23T16:33:18.485+0800: 1.072: [GC remark, 0.0112915 secs]
2020-10-23T16:33:18.497+0800: 1.085: [GC cleanup 475M->474M(1024M), 0.0050947 secs]
2020-10-23T16:33:18.503+0800: 1.091: [GC concurrent-cleanup-start]
2020-10-23T16:33:18.503+0800: 1.091: [GC concurrent-cleanup-end, 0.0000108 secs]
