Java HotSpot(TM) 64-Bit Server VM (25.261-b12) for linux-amd64 JRE (1.8.0_261-b12), built on Jun 17 2020 23:41:40 by "java_re" with gcc 7.3.0
Memory: 4k page, physical 6055148k(4501976k free), swap 8388604k(8388604k free)
CommandLine flags: -XX:InitialHeapSize=536870912 -XX:MaxHeapSize=536870912 -XX:MaxNewSize=178958336 -XX:MaxTenuringThreshold=6 -XX:NewSize=178958336 -XX:OldPLABSize=16 -XX:OldSize=357912576 -XX:+PrintGC -XX:+PrintGCDateStamps -XX:+PrintGCDetails -XX:+PrintGCTimeStamps -XX:+UseCompressedClassPointers -XX:+UseCompressedOops -XX:+UseConcMarkSweepGC -XX:+UseParNewGC 
2020-10-23T15:24:59.431+0800: 0.134: [GC (Allocation Failure) 2020-10-23T15:24:59.431+0800: 0.134: [ParNew: 139776K->17471K(157248K), 0.0079843 secs] 139776K->46234K(506816K), 0.0080562 secs] [Times: user=0.01 sys=0.02, real=0.01 secs] 
2020-10-23T15:24:59.458+0800: 0.160: [GC (Allocation Failure) 2020-10-23T15:24:59.458+0800: 0.160: [ParNew: 157247K->17471K(157248K), 0.0104944 secs] 186010K->92453K(506816K), 0.0105559 secs] [Times: user=0.02 sys=0.04, real=0.01 secs] 
2020-10-23T15:24:59.487+0800: 0.189: [GC (Allocation Failure) 2020-10-23T15:24:59.487+0800: 0.189: [ParNew: 157247K->17469K(157248K), 0.0227495 secs] 232229K->133298K(506816K), 0.0228071 secs] [Times: user=0.10 sys=0.02, real=0.02 secs] 
2020-10-23T15:24:59.526+0800: 0.228: [GC (Allocation Failure) 2020-10-23T15:24:59.526+0800: 0.229: [ParNew: 157245K->17472K(157248K), 0.0212687 secs] 273074K->178862K(506816K), 0.0213257 secs] [Times: user=0.10 sys=0.02, real=0.02 secs] 
2020-10-23T15:24:59.564+0800: 0.267: [GC (Allocation Failure) 2020-10-23T15:24:59.564+0800: 0.267: [ParNew: 157248K->17470K(157248K), 0.0176975 secs] 318638K->219657K(506816K), 0.0177548 secs] [Times: user=0.09 sys=0.00, real=0.02 secs] 
2020-10-23T15:24:59.582+0800: 0.285: [GC (CMS Initial Mark) [1 CMS-initial-mark: 202187K(349568K)] 222513K(506816K), 0.0007152 secs] [Times: user=0.00 sys=0.00, real=0.00 secs] 
2020-10-23T15:24:59.583+0800: 0.285: [CMS-concurrent-mark-start]
2020-10-23T15:24:59.587+0800: 0.289: [CMS-concurrent-mark: 0.004/0.004 secs] [Times: user=0.01 sys=0.01, real=0.01 secs] 
2020-10-23T15:24:59.587+0800: 0.289: [CMS-concurrent-preclean-start]
2020-10-23T15:24:59.587+0800: 0.290: [CMS-concurrent-preclean: 0.000/0.000 secs] [Times: user=0.00 sys=0.00, real=0.00 secs] 
2020-10-23T15:24:59.587+0800: 0.290: [CMS-concurrent-abortable-preclean-start]
2020-10-23T15:24:59.600+0800: 0.303: [GC (Allocation Failure) 2020-10-23T15:24:59.600+0800: 0.303: [ParNew: 156798K->17471K(157248K), 0.0224272 secs] 358985K->264069K(506816K), 0.0224832 secs] [Times: user=0.12 sys=0.01, real=0.02 secs] 
2020-10-23T15:24:59.638+0800: 0.341: [GC (Allocation Failure) 2020-10-23T15:24:59.638+0800: 0.341: [ParNew: 157247K->17471K(157248K), 0.0227907 secs] 403845K->308719K(506816K), 0.0228476 secs] [Times: user=0.11 sys=0.02, real=0.02 secs] 
2020-10-23T15:24:59.675+0800: 0.378: [GC (Allocation Failure) 2020-10-23T15:24:59.675+0800: 0.378: [ParNew2020-10-23T15:24:59.762+0800: 0.465: [CMS-concurrent-abortable-preclean: 0.002/0.175 secs] [Times: user=0.67 sys=0.14, real=0.17 secs] 
: 157247K->17470K(157248K), 0.0900673 secs] 448495K->351951K(506816K), 0.0901158 secs] [Times: user=0.41 sys=0.11, real=0.09 secs] 
2020-10-23T15:24:59.766+0800: 0.468: [GC (CMS Final Remark) [YG occupancy: 20464 K (157248 K)]2020-10-23T15:24:59.766+0800: 0.468: [Rescan (parallel) , 0.0009105 secs]2020-10-23T15:24:59.767+0800: 0.469: [weak refs processing, 0.0000089 secs]2020-10-23T15:24:59.767+0800: 0.469: [class unloading, 0.0001734 secs]2020-10-23T15:24:59.767+0800: 0.469: [scrub symbol table, 0.0001973 secs]2020-10-23T15:24:59.767+0800: 0.469: [scrub string table, 0.0001065 secs][1 CMS-remark: 334481K(349568K)] 354946K(506816K), 0.0014433 secs] [Times: user=0.00 sys=0.00, real=0.00 secs] 
2020-10-23T15:24:59.767+0800: 0.470: [CMS-concurrent-sweep-start]
2020-10-23T15:24:59.768+0800: 0.470: [CMS-concurrent-sweep: 0.000/0.000 secs] [Times: user=0.00 sys=0.00, real=0.00 secs] 
2020-10-23T15:24:59.768+0800: 0.470: [CMS-concurrent-reset-start]
2020-10-23T15:24:59.770+0800: 0.472: [CMS-concurrent-reset: 0.002/0.002 secs] [Times: user=0.00 sys=0.00, real=0.00 secs] 
2020-10-23T15:24:59.783+0800: 0.486: [GC (Allocation Failure) 2020-10-23T15:24:59.783+0800: 0.486: [ParNew: 157246K->17470K(157248K), 0.0077378 secs] 445627K->347273K(506816K), 0.0077935 secs] [Times: user=0.04 sys=0.01, real=0.01 secs] 
2020-10-23T15:24:59.791+0800: 0.494: [GC (CMS Initial Mark) [1 CMS-initial-mark: 329802K(349568K)] 347857K(506816K), 0.0005684 secs] [Times: user=0.01 sys=0.00, real=0.00 secs] 
2020-10-23T15:24:59.792+0800: 0.495: [CMS-concurrent-mark-start]
2020-10-23T15:24:59.793+0800: 0.496: [CMS-concurrent-mark: 0.001/0.001 secs] [Times: user=0.00 sys=0.00, real=0.00 secs] 
2020-10-23T15:24:59.793+0800: 0.496: [CMS-concurrent-preclean-start]
2020-10-23T15:24:59.794+0800: 0.496: [CMS-concurrent-preclean: 0.000/0.000 secs] [Times: user=0.00 sys=0.00, real=0.00 secs] 
2020-10-23T15:24:59.794+0800: 0.496: [CMS-concurrent-abortable-preclean-start]
2020-10-23T15:24:59.794+0800: 0.496: [CMS-concurrent-abortable-preclean: 0.000/0.000 secs] [Times: user=0.00 sys=0.00, real=0.00 secs] 
2020-10-23T15:24:59.794+0800: 0.497: [GC (CMS Final Remark) [YG occupancy: 38566 K (157248 K)]2020-10-23T15:24:59.794+0800: 0.497: [Rescan (parallel) , 0.0005719 secs]2020-10-23T15:24:59.795+0800: 0.497: [weak refs processing, 0.0000118 secs]2020-10-23T15:24:59.795+0800: 0.497: [class unloading, 0.0001723 secs]2020-10-23T15:24:59.795+0800: 0.497: [scrub symbol table, 0.0002028 secs]2020-10-23T15:24:59.795+0800: 0.498: [scrub string table, 0.0001080 secs][1 CMS-remark: 329802K(349568K)] 368368K(506816K), 0.0011134 secs] [Times: user=0.00 sys=0.00, real=0.01 secs] 
2020-10-23T15:24:59.795+0800: 0.498: [CMS-concurrent-sweep-start]
2020-10-23T15:24:59.796+0800: 0.499: [CMS-concurrent-sweep: 0.001/0.001 secs] [Times: user=0.00 sys=0.00, real=0.00 secs] 
2020-10-23T15:24:59.796+0800: 0.499: [CMS-concurrent-reset-start]
2020-10-23T15:24:59.796+0800: 0.499: [CMS-concurrent-reset: 0.000/0.000 secs] [Times: user=0.00 sys=0.00, real=0.00 secs] 
2020-10-23T15:24:59.810+0800: 0.512: [GC (Allocation Failure) 2020-10-23T15:24:59.810+0800: 0.512: [ParNew: 157246K->17471K(157248K), 0.0087303 secs] 388358K->295631K(506816K), 0.0087890 secs] [Times: user=0.04 sys=0.00, real=0.01 secs] 
2020-10-23T15:24:59.819+0800: 0.521: [GC (CMS Initial Mark) [1 CMS-initial-mark: 278159K(349568K)] 298530K(506816K), 0.0009199 secs] [Times: user=0.00 sys=0.00, real=0.00 secs] 
2020-10-23T15:24:59.820+0800: 0.522: [CMS-concurrent-mark-start]
2020-10-23T15:24:59.821+0800: 0.524: [CMS-concurrent-mark: 0.001/0.001 secs] [Times: user=0.00 sys=0.00, real=0.00 secs] 
2020-10-23T15:24:59.821+0800: 0.524: [CMS-concurrent-preclean-start]
2020-10-23T15:24:59.822+0800: 0.524: [CMS-concurrent-preclean: 0.001/0.001 secs] [Times: user=0.00 sys=0.00, real=0.00 secs] 
2020-10-23T15:24:59.822+0800: 0.524: [CMS-concurrent-abortable-preclean-start]
2020-10-23T15:24:59.838+0800: 0.540: [GC (Allocation Failure) 2020-10-23T15:24:59.838+0800: 0.540: [ParNew: 157247K->17471K(157248K), 0.0087297 secs] 435407K->337023K(506816K), 0.0087927 secs] [Times: user=0.04 sys=0.00, real=0.01 secs] 
2020-10-23T15:24:59.863+0800: 0.566: [GC (Allocation Failure) 2020-10-23T15:24:59.863+0800: 0.566: [ParNew: 157247K->157247K(157248K), 0.0000151 secs]2020-10-23T15:24:59.863+0800: 0.566: [CMS2020-10-23T15:24:59.863+0800: 0.566: [CMS-concurrent-abortable-preclean: 0.002/0.042 secs] [Times: user=0.08 sys=0.00, real=0.04 secs] 
 (concurrent mode failure): 319551K->288538K(349568K), 0.0410524 secs] 476799K->288538K(506816K), [Metaspace: 2552K->2552K(1056768K)], 0.0411566 secs] [Times: user=0.04 sys=0.00, real=0.04 secs] 
2020-10-23T15:24:59.924+0800: 0.627: [GC (Allocation Failure) 2020-10-23T15:24:59.924+0800: 0.627: [ParNew: 139776K->17470K(157248K), 0.0061889 secs] 428314K->333075K(506816K), 0.0062526 secs] [Times: user=0.03 sys=0.00, real=0.01 secs] 
2020-10-23T15:24:59.931+0800: 0.633: [GC (CMS Initial Mark) [1 CMS-initial-mark: 315604K(349568K)] 336493K(506816K), 0.0009825 secs] [Times: user=0.00 sys=0.00, real=0.00 secs] 
2020-10-23T15:24:59.932+0800: 0.635: [CMS-concurrent-mark-start]
2020-10-23T15:24:59.935+0800: 0.637: [CMS-concurrent-mark: 0.003/0.003 secs] [Times: user=0.00 sys=0.00, real=0.01 secs] 
2020-10-23T15:24:59.935+0800: 0.637: [CMS-concurrent-preclean-start]
2020-10-23T15:24:59.935+0800: 0.638: [CMS-concurrent-preclean: 0.001/0.001 secs] [Times: user=0.00 sys=0.00, real=0.00 secs] 
2020-10-23T15:24:59.935+0800: 0.638: [CMS-concurrent-abortable-preclean-start]
2020-10-23T15:24:59.949+0800: 0.652: [GC (Allocation Failure) 2020-10-23T15:24:59.949+0800: 0.652: [ParNew (promotion failed): 157246K->157242K(157248K), 0.0125578 secs]2020-10-23T15:24:59.962+0800: 0.664: [CMS2020-10-23T15:24:59.962+0800: 0.664: [CMS-concurrent-abortable-preclean: 0.000/0.026 secs] [Times: user=0.07 sys=0.01, real=0.02 secs] 
 (concurrent mode failure): 348787K->319967K(349568K), 0.0454941 secs] 472851K->319967K(506816K), [Metaspace: 2552K->2552K(1056768K)], 0.0581598 secs] [Times: user=0.09 sys=0.01, real=0.06 secs] 
2020-10-23T15:25:00.027+0800: 0.729: [GC (Allocation Failure) 2020-10-23T15:25:00.027+0800: 0.729: [ParNew: 139776K->139776K(157248K), 0.0000174 secs]2020-10-23T15:25:00.027+0800: 0.729: [CMS: 319967K->324746K(349568K), 0.0457318 secs] 459743K->324746K(506816K), [Metaspace: 2552K->2552K(1056768K)], 0.0458423 secs] [Times: user=0.05 sys=0.00, real=0.04 secs] 
2020-10-23T15:25:00.073+0800: 0.776: [GC (CMS Initial Mark) [1 CMS-initial-mark: 324746K(349568K)] 327750K(506816K), 0.0012139 secs] [Times: user=0.00 sys=0.00, real=0.00 secs] 
2020-10-23T15:25:00.074+0800: 0.777: [CMS-concurrent-mark-start]
2020-10-23T15:25:00.076+0800: 0.779: [CMS-concurrent-mark: 0.002/0.002 secs] [Times: user=0.00 sys=0.00, real=0.01 secs] 
2020-10-23T15:25:00.076+0800: 0.779: [CMS-concurrent-preclean-start]
2020-10-23T15:25:00.077+0800: 0.779: [CMS-concurrent-preclean: 0.000/0.000 secs] [Times: user=0.00 sys=0.00, real=0.00 secs] 
2020-10-23T15:25:00.077+0800: 0.779: [CMS-concurrent-abortable-preclean-start]
2020-10-23T15:25:00.093+0800: 0.796: [GC (Allocation Failure) 2020-10-23T15:25:00.093+0800: 0.796: [ParNew: 139776K->17471K(157248K), 0.0059563 secs] 464522K->366516K(506816K), 0.0060180 secs] [Times: user=0.03 sys=0.00, real=0.01 secs] 
2020-10-23T15:25:00.100+0800: 0.802: [CMS-concurrent-abortable-preclean: 0.000/0.023 secs] [Times: user=0.05 sys=0.00, real=0.02 secs] 
2020-10-23T15:25:00.100+0800: 0.802: [GC (CMS Final Remark) [YG occupancy: 20390 K (157248 K)]2020-10-23T15:25:00.100+0800: 0.802: [Rescan (parallel) , 0.0005810 secs]2020-10-23T15:25:00.100+0800: 0.803: [weak refs processing, 0.0000123 secs]2020-10-23T15:25:00.100+0800: 0.803: [class unloading, 0.0001924 secs]2020-10-23T15:25:00.101+0800: 0.803: [scrub symbol table, 0.0002465 secs]2020-10-23T15:25:00.101+0800: 0.803: [scrub string table, 0.0001344 secs][1 CMS-remark: 349044K(349568K)] 369434K(506816K), 0.0012207 secs] [Times: user=0.00 sys=0.00, real=0.00 secs] 
2020-10-23T15:25:00.101+0800: 0.804: [CMS-concurrent-sweep-start]
2020-10-23T15:25:00.102+0800: 0.804: [CMS-concurrent-sweep: 0.000/0.000 secs] [Times: user=0.00 sys=0.00, real=0.00 secs] 
2020-10-23T15:25:00.102+0800: 0.804: [CMS-concurrent-reset-start]
2020-10-23T15:25:00.102+0800: 0.805: [CMS-concurrent-reset: 0.000/0.000 secs] [Times: user=0.00 sys=0.00, real=0.00 secs] 
2020-10-23T15:25:00.119+0800: 0.821: [GC (Allocation Failure) 2020-10-23T15:25:00.119+0800: 0.821: [ParNew: 156733K->156733K(157248K), 0.0000163 secs]2020-10-23T15:25:00.119+0800: 0.821: [CMS: 348413K->340123K(349568K), 0.0490582 secs] 505146K->340123K(506816K), [Metaspace: 2552K->2552K(1056768K)], 0.0491661 secs] [Times: user=0.05 sys=0.00, real=0.05 secs] 
2020-10-23T15:25:00.169+0800: 0.871: [GC (CMS Initial Mark) [1 CMS-initial-mark: 340123K(349568K)] 343551K(506816K), 0.0013837 secs] [Times: user=0.00 sys=0.00, real=0.00 secs] 
2020-10-23T15:25:00.170+0800: 0.873: [CMS-concurrent-mark-start]
2020-10-23T15:25:00.172+0800: 0.875: [CMS-concurrent-mark: 0.002/0.002 secs] [Times: user=0.01 sys=0.00, real=0.00 secs] 
2020-10-23T15:25:00.172+0800: 0.875: [CMS-concurrent-preclean-start]
2020-10-23T15:25:00.173+0800: 0.875: [CMS-concurrent-preclean: 0.001/0.001 secs] [Times: user=0.00 sys=0.00, real=0.00 secs] 
2020-10-23T15:25:00.173+0800: 0.875: [CMS-concurrent-abortable-preclean-start]
2020-10-23T15:25:00.173+0800: 0.875: [CMS-concurrent-abortable-preclean: 0.000/0.000 secs] [Times: user=0.00 sys=0.00, real=0.00 secs] 
2020-10-23T15:25:00.173+0800: 0.876: [GC (CMS Final Remark) [YG occupancy: 21396 K (157248 K)]2020-10-23T15:25:00.173+0800: 0.876: [Rescan (parallel) , 0.0007820 secs]2020-10-23T15:25:00.174+0800: 0.876: [weak refs processing, 0.0000145 secs]2020-10-23T15:25:00.174+0800: 0.876: [class unloading, 0.0001965 secs]2020-10-23T15:25:00.174+0800: 0.877: [scrub symbol table, 0.0002519 secs]2020-10-23T15:25:00.174+0800: 0.877: [scrub string table, 0.0001521 secs][1 CMS-remark: 340123K(349568K)] 361519K(506816K), 0.0014628 secs] [Times: user=0.00 sys=0.00, real=0.00 secs] 
2020-10-23T15:25:00.175+0800: 0.878: [CMS-concurrent-sweep-start]
2020-10-23T15:25:00.176+0800: 0.878: [CMS-concurrent-sweep: 0.001/0.001 secs] [Times: user=0.00 sys=0.00, real=0.00 secs] 
2020-10-23T15:25:00.176+0800: 0.878: [CMS-concurrent-reset-start]
2020-10-23T15:25:00.176+0800: 0.878: [CMS-concurrent-reset: 0.000/0.000 secs] [Times: user=0.00 sys=0.00, real=0.00 secs] 
2020-10-23T15:25:00.192+0800: 0.895: [GC (Allocation Failure) 2020-10-23T15:25:00.192+0800: 0.895: [ParNew: 139700K->139700K(157248K), 0.0000174 secs]2020-10-23T15:25:00.192+0800: 0.895: [CMS: 339488K->338960K(349568K), 0.0495726 secs] 479188K->338960K(506816K), [Metaspace: 2552K->2552K(1056768K)], 0.0496777 secs] [Times: user=0.05 sys=0.00, real=0.05 secs] 
2020-10-23T15:25:00.242+0800: 0.945: [GC (CMS Initial Mark) [1 CMS-initial-mark: 338960K(349568K)] 342153K(506816K), 0.0013300 secs] [Times: user=0.00 sys=0.00, real=0.00 secs] 
2020-10-23T15:25:00.244+0800: 0.946: [CMS-concurrent-mark-start]
2020-10-23T15:25:00.246+0800: 0.948: [CMS-concurrent-mark: 0.002/0.002 secs] [Times: user=0.01 sys=0.00, real=0.01 secs] 
2020-10-23T15:25:00.246+0800: 0.948: [CMS-concurrent-preclean-start]
2020-10-23T15:25:00.246+0800: 0.949: [CMS-concurrent-preclean: 0.001/0.001 secs] [Times: user=0.00 sys=0.00, real=0.00 secs] 
2020-10-23T15:25:00.246+0800: 0.949: [CMS-concurrent-abortable-preclean-start]
2020-10-23T15:25:00.246+0800: 0.949: [CMS-concurrent-abortable-preclean: 0.000/0.000 secs] [Times: user=0.00 sys=0.00, real=0.00 secs] 
2020-10-23T15:25:00.247+0800: 0.949: [GC (CMS Final Remark) [YG occupancy: 22637 K (157248 K)]2020-10-23T15:25:00.247+0800: 0.949: [Rescan (parallel) , 0.0047320 secs]2020-10-23T15:25:00.252+0800: 0.954: [weak refs processing, 0.0000144 secs]2020-10-23T15:25:00.252+0800: 0.954: [class unloading, 0.0001949 secs]2020-10-23T15:25:00.252+0800: 0.954: [scrub symbol table, 0.0002623 secs]2020-10-23T15:25:00.252+0800: 0.955: [scrub string table, 0.0001474 secs][1 CMS-remark: 338960K(349568K)] 361598K(506816K), 0.0054217 secs] [Times: user=0.02 sys=0.00, real=0.00 secs] 
2020-10-23T15:25:00.253+0800: 0.955: [CMS-concurrent-sweep-start]
2020-10-23T15:25:00.253+0800: 0.956: [CMS-concurrent-sweep: 0.001/0.001 secs] [Times: user=0.00 sys=0.00, real=0.00 secs] 
2020-10-23T15:25:00.253+0800: 0.956: [CMS-concurrent-reset-start]
2020-10-23T15:25:00.253+0800: 0.956: [CMS-concurrent-reset: 0.000/0.000 secs] [Times: user=0.00 sys=0.00, real=0.00 secs] 
2020-10-23T15:25:00.268+0800: 0.971: [GC (Allocation Failure) 2020-10-23T15:25:00.268+0800: 0.971: [ParNew: 139776K->139776K(157248K), 0.0000171 secs]2020-10-23T15:25:00.268+0800: 0.971: [CMS: 337828K->347762K(349568K), 0.0502969 secs] 477604K->347762K(506816K), [Metaspace: 2552K->2552K(1056768K)], 0.0504010 secs] [Times: user=0.05 sys=0.00, real=0.05 secs] 
2020-10-23T15:25:00.319+0800: 1.021: [GC (CMS Initial Mark) [1 CMS-initial-mark: 347762K(349568K)] 350656K(506816K), 0.0013925 secs] [Times: user=0.00 sys=0.00, real=0.00 secs] 
2020-10-23T15:25:00.321+0800: 1.023: [CMS-concurrent-mark-start]
2020-10-23T15:25:00.323+0800: 1.025: [CMS-concurrent-mark: 0.002/0.002 secs] [Times: user=0.00 sys=0.00, real=0.00 secs] 
2020-10-23T15:25:00.323+0800: 1.025: [CMS-concurrent-preclean-start]
2020-10-23T15:25:00.323+0800: 1.026: [CMS-concurrent-preclean: 0.001/0.001 secs] [Times: user=0.00 sys=0.00, real=0.00 secs] 
2020-10-23T15:25:00.323+0800: 1.026: [CMS-concurrent-abortable-preclean-start]
2020-10-23T15:25:00.323+0800: 1.026: [CMS-concurrent-abortable-preclean: 0.000/0.000 secs] [Times: user=0.00 sys=0.00, real=0.00 secs] 
2020-10-23T15:25:00.324+0800: 1.026: [GC (CMS Final Remark) [YG occupancy: 23075 K (157248 K)]2020-10-23T15:25:00.324+0800: 1.026: [Rescan (parallel) , 0.0026280 secs]2020-10-23T15:25:00.326+0800: 1.029: [weak refs processing, 0.0000147 secs]2020-10-23T15:25:00.326+0800: 1.029: [class unloading, 0.0001993 secs]2020-10-23T15:25:00.327+0800: 1.029: [scrub symbol table, 0.0002529 secs]2020-10-23T15:25:00.327+0800: 1.029: [scrub string table, 0.0001533 secs][1 CMS-remark: 347762K(349568K)] 370837K(506816K), 0.0033177 secs] [Times: user=0.00 sys=0.00, real=0.01 secs] 
2020-10-23T15:25:00.327+0800: 1.030: [CMS-concurrent-sweep-start]
2020-10-23T15:25:00.328+0800: 1.030: [CMS-concurrent-sweep: 0.001/0.001 secs] [Times: user=0.01 sys=0.00, real=0.00 secs] 
2020-10-23T15:25:00.328+0800: 1.030: [CMS-concurrent-reset-start]
2020-10-23T15:25:00.328+0800: 1.031: [CMS-concurrent-reset: 0.000/0.000 secs] [Times: user=0.00 sys=0.00, real=0.00 secs] 
2020-10-23T15:25:00.343+0800: 1.045: [GC (Allocation Failure) 2020-10-23T15:25:00.343+0800: 1.045: [ParNew: 139776K->139776K(157248K), 0.0000170 secs]2020-10-23T15:25:00.343+0800: 1.045: [CMS: 346772K->349074K(349568K), 0.0503830 secs] 486548K->354651K(506816K), [Metaspace: 2552K->2552K(1056768K)], 0.0504933 secs] [Times: user=0.05 sys=0.00, real=0.05 secs] 
2020-10-23T15:25:00.394+0800: 1.096: [GC (CMS Initial Mark) [1 CMS-initial-mark: 349074K(349568K)] 357646K(506816K), 0.0014284 secs] [Times: user=0.00 sys=0.00, real=0.01 secs] 
2020-10-23T15:25:00.395+0800: 1.098: [CMS-concurrent-mark-start]
Heap
 par new generation   total 157248K, used 11368K [0x00000000e0000000, 0x00000000eaaa0000, 0x00000000eaaa0000)
  eden space 139776K,   8% used [0x00000000e0000000, 0x00000000e0b1a0d0, 0x00000000e8880000)
  from space 17472K,   0% used [0x00000000e8880000, 0x00000000e8880000, 0x00000000e9990000)
  to   space 17472K,   0% used [0x00000000e9990000, 0x00000000e9990000, 0x00000000eaaa0000)
 concurrent mark-sweep generation total 349568K, used 349074K [0x00000000eaaa0000, 0x0000000100000000, 0x0000000100000000)
 Metaspace       used 2559K, capacity 4486K, committed 4864K, reserved 1056768K
  class space    used 274K, capacity 386K, committed 512K, reserved 1048576K
