Java HotSpot(TM) 64-Bit Server VM (25.261-b12) for linux-amd64 JRE (1.8.0_261-b12), built on Jun 17 2020 23:41:40 by "java_re" with gcc 7.3.0
Memory: 4k page, physical 6055148k(4504092k free), swap 8388604k(8388604k free)
CommandLine flags: -XX:InitialHeapSize=536870912 -XX:MaxHeapSize=536870912 -XX:+PrintGC -XX:+PrintGCDateStamps -XX:+PrintGCDetails -XX:+PrintGCTimeStamps -XX:+UseCompressedClassPointers -XX:+UseCompressedOops -XX:+UseSerialGC 
2020-10-23T14:47:08.770+0800: 0.127: [GC (Allocation Failure) 2020-10-23T14:47:08.770+0800: 0.127: [DefNew: 139776K->17471K(157248K), 0.0208985 secs] 139776K->49904K(506816K), 0.0209562 secs] [Times: user=0.01 sys=0.01, real=0.02 secs] 
2020-10-23T14:47:08.808+0800: 0.165: [GC (Allocation Failure) 2020-10-23T14:47:08.808+0800: 0.165: [DefNew: 157199K->17471K(157248K), 0.0280021 secs] 189631K->94649K(506816K), 0.0280546 secs] [Times: user=0.01 sys=0.01, real=0.03 secs] 
2020-10-23T14:47:08.854+0800: 0.211: [GC (Allocation Failure) 2020-10-23T14:47:08.854+0800: 0.211: [DefNew: 157066K->17470K(157248K), 0.0252179 secs] 234243K->141427K(506816K), 0.0252750 secs] [Times: user=0.01 sys=0.02, real=0.03 secs] 
2020-10-23T14:47:08.900+0800: 0.257: [GC (Allocation Failure) 2020-10-23T14:47:08.900+0800: 0.257: [DefNew: 157246K->17470K(157248K), 0.0230747 secs] 281203K->183712K(506816K), 0.0231312 secs] [Times: user=0.01 sys=0.01, real=0.02 secs] 
2020-10-23T14:47:08.943+0800: 0.300: [GC (Allocation Failure) 2020-10-23T14:47:08.943+0800: 0.300: [DefNew: 157246K->17471K(157248K), 0.0222300 secs] 323488K->225734K(506816K), 0.0222826 secs] [Times: user=0.01 sys=0.01, real=0.03 secs] 
2020-10-23T14:47:08.985+0800: 0.342: [GC (Allocation Failure) 2020-10-23T14:47:08.985+0800: 0.342: [DefNew: 156969K->17470K(157248K), 0.0224212 secs] 365232K->268120K(506816K), 0.0224770 secs] [Times: user=0.02 sys=0.01, real=0.03 secs] 
2020-10-23T14:47:09.026+0800: 0.383: [GC (Allocation Failure) 2020-10-23T14:47:09.026+0800: 0.383: [DefNew: 156696K->17470K(157248K), 0.0239521 secs] 407345K->313782K(506816K), 0.0240089 secs] [Times: user=0.01 sys=0.01, real=0.02 secs] 
2020-10-23T14:47:09.068+0800: 0.425: [GC (Allocation Failure) 2020-10-23T14:47:09.068+0800: 0.425: [DefNew: 157246K->17470K(157248K), 0.0243339 secs] 453558K->359649K(506816K), 0.0243886 secs] [Times: user=0.01 sys=0.02, real=0.02 secs] 
2020-10-23T14:47:09.109+0800: 0.467: [GC (Allocation Failure) 2020-10-23T14:47:09.109+0800: 0.467: [DefNew: 157246K->157246K(157248K), 0.0000119 secs]2020-10-23T14:47:09.109+0800: 0.467: [Tenured: 342178K->287467K(349568K), 0.0357550 secs] 499425K->287467K(506816K), [Metaspace: 2552K->2552K(1056768K)], 0.0358398 secs] [Times: user=0.03 sys=0.00, real=0.04 secs] 
2020-10-23T14:47:09.166+0800: 0.523: [GC (Allocation Failure) 2020-10-23T14:47:09.166+0800: 0.523: [DefNew: 139776K->17469K(157248K), 0.0059526 secs] 427243K->333455K(506816K), 0.0060215 secs] [Times: user=0.01 sys=0.00, real=0.00 secs] 
2020-10-23T14:47:09.192+0800: 0.549: [GC (Allocation Failure) 2020-10-23T14:47:09.192+0800: 0.549: [DefNew: 157245K->157245K(157248K), 0.0000134 secs]2020-10-23T14:47:09.192+0800: 0.549: [Tenured: 315986K->309060K(349568K), 0.0399214 secs] 473231K->309060K(506816K), [Metaspace: 2552K->2552K(1056768K)], 0.0400134 secs] [Times: user=0.04 sys=0.00, real=0.04 secs] 
2020-10-23T14:47:09.255+0800: 0.612: [GC (Allocation Failure) 2020-10-23T14:47:09.255+0800: 0.612: [DefNew: 139776K->139776K(157248K), 0.0000140 secs]2020-10-23T14:47:09.255+0800: 0.612: [Tenured: 309060K->314479K(349568K), 0.0424256 secs] 448836K->314479K(506816K), [Metaspace: 2552K->2552K(1056768K)], 0.0425156 secs] [Times: user=0.05 sys=0.00, real=0.05 secs] 
2020-10-23T14:47:09.319+0800: 0.676: [GC (Allocation Failure) 2020-10-23T14:47:09.319+0800: 0.676: [DefNew: 139776K->139776K(157248K), 0.0000141 secs]2020-10-23T14:47:09.319+0800: 0.676: [Tenured: 314479K->315126K(349568K), 0.0460926 secs] 454255K->315126K(506816K), [Metaspace: 2552K->2552K(1056768K)], 0.0461884 secs] [Times: user=0.04 sys=0.00, real=0.04 secs] 
2020-10-23T14:47:09.388+0800: 0.746: [GC (Allocation Failure) 2020-10-23T14:47:09.388+0800: 0.746: [DefNew: 139776K->139776K(157248K), 0.0000152 secs]2020-10-23T14:47:09.388+0800: 0.746: [Tenured: 315126K->336072K(349568K), 0.0280158 secs] 454902K->336072K(506816K), [Metaspace: 2552K->2552K(1056768K)], 0.0281243 secs] [Times: user=0.03 sys=0.00, real=0.03 secs] 
2020-10-23T14:47:09.437+0800: 0.795: [GC (Allocation Failure) 2020-10-23T14:47:09.437+0800: 0.795: [DefNew: 139581K->139581K(157248K), 0.0000134 secs]2020-10-23T14:47:09.437+0800: 0.795: [Tenured: 336072K->340076K(349568K), 0.0385441 secs] 475654K->340076K(506816K), [Metaspace: 2552K->2552K(1056768K)], 0.0386392 secs] [Times: user=0.04 sys=0.00, real=0.04 secs] 
2020-10-23T14:47:09.497+0800: 0.855: [GC (Allocation Failure) 2020-10-23T14:47:09.497+0800: 0.855: [DefNew: 139776K->139776K(157248K), 0.0000135 secs]2020-10-23T14:47:09.497+0800: 0.855: [Tenured: 340076K->342449K(349568K), 0.0425328 secs] 479852K->342449K(506816K), [Metaspace: 2552K->2552K(1056768K)], 0.0426217 secs] [Times: user=0.04 sys=0.00, real=0.04 secs] 
2020-10-23T14:47:09.561+0800: 0.919: [GC (Allocation Failure) 2020-10-23T14:47:09.561+0800: 0.919: [DefNew: 139500K->139500K(157248K), 0.0000138 secs]2020-10-23T14:47:09.561+0800: 0.919: [Tenured: 342449K->330834K(349568K), 0.0497176 secs] 481949K->330834K(506816K), [Metaspace: 2552K->2552K(1056768K)], 0.0498105 secs] [Times: user=0.05 sys=0.00, real=0.05 secs] 
2020-10-23T14:47:09.634+0800: 0.991: [GC (Allocation Failure) 2020-10-23T14:47:09.634+0800: 0.991: [DefNew: 139776K->139776K(157248K), 0.0000147 secs]2020-10-23T14:47:09.634+0800: 0.991: [Tenured: 330834K->349179K(349568K), 0.0345812 secs] 470610K->352988K(506816K), [Metaspace: 2552K->2552K(1056768K)], 0.0346625 secs] [Times: user=0.03 sys=0.00, real=0.04 secs] 
2020-10-23T14:47:09.690+0800: 1.047: [Full GC (Allocation Failure) 2020-10-23T14:47:09.690+0800: 1.047: [Tenured: 349549K->349310K(349568K), 0.0399912 secs] 506596K->364362K(506816K), [Metaspace: 2552K->2552K(1056768K)], 0.0400623 secs] [Times: user=0.04 sys=0.00, real=0.04 secs] 
Heap
 def new generation   total 157248K, used 20948K [0x00000000e0000000, 0x00000000eaaa0000, 0x00000000eaaa0000)
  eden space 139776K,  14% used [0x00000000e0000000, 0x00000000e1475288, 0x00000000e8880000)
  from space 17472K,   0% used [0x00000000e9990000, 0x00000000e9990000, 0x00000000eaaa0000)
  to   space 17472K,   0% used [0x00000000e8880000, 0x00000000e8880000, 0x00000000e9990000)
 tenured generation   total 349568K, used 349310K [0x00000000eaaa0000, 0x0000000100000000, 0x0000000100000000)
   the space 349568K,  99% used [0x00000000eaaa0000, 0x00000000fffbfbe0, 0x00000000fffbfc00, 0x0000000100000000)
 Metaspace       used 2559K, capacity 4486K, committed 4864K, reserved 1056768K
  class space    used 274K, capacity 386K, committed 512K, reserved 1048576K
